Archive member included to satisfy reference by file (symbol)

G:/Program Files (x86)/ST/STMCubeIDE_1.16.1/STM32CubeIDE_1.16.1/STM32CubeIDE/plugins/com.st.stm32cube.ide.mcu.externaltools.gnu-tools-for-stm32.12.3.rel1.win32_1.0.200.202406191623/tools/bin/../lib/gcc/arm-none-eabi/12.3.1/../../../../arm-none-eabi/lib/thumb/v7e-m+fp/hard\libc_nano.a(libc_a-exit.o)
                              G:/Program Files (x86)/ST/STMCubeIDE_1.16.1/STM32CubeIDE_1.16.1/STM32CubeIDE/plugins/com.st.stm32cube.ide.mcu.externaltools.gnu-tools-for-stm32.12.3.rel1.win32_1.0.200.202406191623/tools/bin/../lib/gcc/arm-none-eabi/12.3.1/../../../../arm-none-eabi/lib/thumb/v7e-m+fp/hard/crt0.o (exit)
G:/Program Files (x86)/ST/STMCubeIDE_1.16.1/STM32CubeIDE_1.16.1/STM32CubeIDE/plugins/com.st.stm32cube.ide.mcu.externaltools.gnu-tools-for-stm32.12.3.rel1.win32_1.0.200.202406191623/tools/bin/../lib/gcc/arm-none-eabi/12.3.1/../../../../arm-none-eabi/lib/thumb/v7e-m+fp/hard\libc_nano.a(libc_a-nano-vfprintf_float.o)
                              (_printf_float)
G:/Program Files (x86)/ST/STMCubeIDE_1.16.1/STM32CubeIDE_1.16.1/STM32CubeIDE/plugins/com.st.stm32cube.ide.mcu.externaltools.gnu-tools-for-stm32.12.3.rel1.win32_1.0.200.202406191623/tools/bin/../lib/gcc/arm-none-eabi/12.3.1/../../../../arm-none-eabi/lib/thumb/v7e-m+fp/hard\libc_nano.a(libc_a-nano-vfprintf_i.o)
                              G:/Program Files (x86)/ST/STMCubeIDE_1.16.1/STM32CubeIDE_1.16.1/STM32CubeIDE/plugins/com.st.stm32cube.ide.mcu.externaltools.gnu-tools-for-stm32.12.3.rel1.win32_1.0.200.202406191623/tools/bin/../lib/gcc/arm-none-eabi/12.3.1/../../../../arm-none-eabi/lib/thumb/v7e-m+fp/hard\libc_nano.a(libc_a-nano-vfprintf_float.o) (_printf_common)
G:/Program Files (x86)/ST/STMCubeIDE_1.16.1/STM32CubeIDE_1.16.1/STM32CubeIDE/plugins/com.st.stm32cube.ide.mcu.externaltools.gnu-tools-for-stm32.12.3.rel1.win32_1.0.200.202406191623/tools/bin/../lib/gcc/arm-none-eabi/12.3.1/../../../../arm-none-eabi/lib/thumb/v7e-m+fp/hard\libc_nano.a(libc_a-findfp.o)
                              G:/Program Files (x86)/ST/STMCubeIDE_1.16.1/STM32CubeIDE_1.16.1/STM32CubeIDE/plugins/com.st.stm32cube.ide.mcu.externaltools.gnu-tools-for-stm32.12.3.rel1.win32_1.0.200.202406191623/tools/bin/../lib/gcc/arm-none-eabi/12.3.1/../../../../arm-none-eabi/lib/thumb/v7e-m+fp/hard\libc_nano.a(libc_a-exit.o) (__stdio_exit_handler)
G:/Program Files (x86)/ST/STMCubeIDE_1.16.1/STM32CubeIDE_1.16.1/STM32CubeIDE/plugins/com.st.stm32cube.ide.mcu.externaltools.gnu-tools-for-stm32.12.3.rel1.win32_1.0.200.202406191623/tools/bin/../lib/gcc/arm-none-eabi/12.3.1/../../../../arm-none-eabi/lib/thumb/v7e-m+fp/hard\libc_nano.a(libc_a-fwalk.o)
                              G:/Program Files (x86)/ST/STMCubeIDE_1.16.1/STM32CubeIDE_1.16.1/STM32CubeIDE/plugins/com.st.stm32cube.ide.mcu.externaltools.gnu-tools-for-stm32.12.3.rel1.win32_1.0.200.202406191623/tools/bin/../lib/gcc/arm-none-eabi/12.3.1/../../../../arm-none-eabi/lib/thumb/v7e-m+fp/hard\libc_nano.a(libc_a-findfp.o) (_fwalk_sglue)
G:/Program Files (x86)/ST/STMCubeIDE_1.16.1/STM32CubeIDE_1.16.1/STM32CubeIDE/plugins/com.st.stm32cube.ide.mcu.externaltools.gnu-tools-for-stm32.12.3.rel1.win32_1.0.200.202406191623/tools/bin/../lib/gcc/arm-none-eabi/12.3.1/../../../../arm-none-eabi/lib/thumb/v7e-m+fp/hard\libc_nano.a(libc_a-sprintf.o)
                              ./Core/Src/main.o (sprintf)
G:/Program Files (x86)/ST/STMCubeIDE_1.16.1/STM32CubeIDE_1.16.1/STM32CubeIDE/plugins/com.st.stm32cube.ide.mcu.externaltools.gnu-tools-for-stm32.12.3.rel1.win32_1.0.200.202406191623/tools/bin/../lib/gcc/arm-none-eabi/12.3.1/../../../../arm-none-eabi/lib/thumb/v7e-m+fp/hard\libc_nano.a(libc_a-stdio.o)
                              G:/Program Files (x86)/ST/STMCubeIDE_1.16.1/STM32CubeIDE_1.16.1/STM32CubeIDE/plugins/com.st.stm32cube.ide.mcu.externaltools.gnu-tools-for-stm32.12.3.rel1.win32_1.0.200.202406191623/tools/bin/../lib/gcc/arm-none-eabi/12.3.1/../../../../arm-none-eabi/lib/thumb/v7e-m+fp/hard\libc_nano.a(libc_a-findfp.o) (__sread)
G:/Program Files (x86)/ST/STMCubeIDE_1.16.1/STM32CubeIDE_1.16.1/STM32CubeIDE/plugins/com.st.stm32cube.ide.mcu.externaltools.gnu-tools-for-stm32.12.3.rel1.win32_1.0.200.202406191623/tools/bin/../lib/gcc/arm-none-eabi/12.3.1/../../../../arm-none-eabi/lib/thumb/v7e-m+fp/hard\libc_nano.a(libc_a-memset.o)
                              G:/Program Files (x86)/ST/STMCubeIDE_1.16.1/STM32CubeIDE_1.16.1/STM32CubeIDE/plugins/com.st.stm32cube.ide.mcu.externaltools.gnu-tools-for-stm32.12.3.rel1.win32_1.0.200.202406191623/tools/bin/../lib/gcc/arm-none-eabi/12.3.1/../../../../arm-none-eabi/lib/thumb/v7e-m+fp/hard/crt0.o (memset)
G:/Program Files (x86)/ST/STMCubeIDE_1.16.1/STM32CubeIDE_1.16.1/STM32CubeIDE/plugins/com.st.stm32cube.ide.mcu.externaltools.gnu-tools-for-stm32.12.3.rel1.win32_1.0.200.202406191623/tools/bin/../lib/gcc/arm-none-eabi/12.3.1/../../../../arm-none-eabi/lib/thumb/v7e-m+fp/hard\libc_nano.a(libc_a-localeconv.o)
[...]
Memory Configuration

Name             Origin             Length             Attributes
RAM              0x20000000         0x00020000         xrw
FLASH            0x08000000         0x00080000         xr
*default*        0x00000000         0xffffffff

Linker script and memory map

LOAD G:/Program Files (x86)/ST/STMCubeIDE_1.16.1/STM32CubeIDE_1.16.1/STM32CubeIDE/plugins/com.st.stm32cube.ide.mcu.externaltools.gnu-tools-for-stm32.12.3.rel1.win32_1.0.200.202406191623/tools/bin/../lib/gcc/arm-none-eabi/12.3.1/thumb/v7e-m+fp/hard/crti.o
LOAD G:/Program Files (x86)/ST/STMCubeIDE_1.16.1/STM32CubeIDE_1.16.1/STM32CubeIDE/plugins/com.st.stm32cube.ide.mcu.externaltools.gnu-tools-for-stm32.12.3.rel1.win32_1.0.200.202406191623/tools/bin/../lib/gcc/arm-none-eabi/12.3.1/thumb/v7e-m+fp/hard/crtbegin.o
LOAD G:/Program Files (x86)/ST/STMCubeIDE_1.16.1/STM32CubeIDE_1.16.1/STM32CubeIDE/plugins/com.st.stm32cube.ide.mcu.externaltools.gnu-tools-for-stm32.12.3.rel1.win32_1.0.200.202406191623/tools/bin/../lib/gcc/arm-none-eabi/12.3.1/../../../../arm-none-eabi/lib/thumb/v7e-m+fp/hard/crt0.o
LOAD ./Core/Src/gpio.o
LOAD ./Core/Src/i2c.o
LOAD ./Core/Src/main.o
LOAD ./Core/Src/pid.o
LOAD ./Core/Src/stm32f4xx_hal_msp.o
LOAD ./Core/Src/stm32f4xx_it.o
LOAD ./Core/Src/syscalls.o
LOAD ./Core/Src/sysmem.o
LOAD ./Core/Src/system_stm32f4xx.o
LOAD ./Core/Src/tim.o
LOAD ./Core/Src/usart.o
LOAD ./Core/Startup/startup_stm32f446retx.o
LOAD ./Drivers/STM32F4xx_HAL_Driver/Src/stm32f4xx_hal.o
LOAD ./Drivers/STM32F4xx_HAL_Driver/Src/stm32f4xx_hal_cortex.o
LOAD ./Drivers/STM32F4xx_HAL_Driver/Src/stm32f4xx_hal_dma.o
LOAD ./Drivers/STM32F4xx_HAL_Driver/Src/stm32f4xx_hal_dma_ex.o
LOAD ./Drivers/STM32F4xx_HAL_Driver/Src/stm32f4xx_hal_exti.o
LOAD ./Drivers/STM32F4xx_HAL_Driver/Src/stm32f4xx_hal_flash.o
LOAD ./Drivers/STM32F4xx_HAL_Driver/Src/stm32f4xx_hal_flash_ex.o
LOAD ./Drivers/STM32F4xx_HAL_Driver/Src/stm32f4xx_hal_flash_ramfunc.o
LOAD ./Drivers/STM32F4xx_HAL_Driver/Src/stm32f4xx_hal_gpio.o
LOAD ./Drivers/STM32F4xx_HAL_Driver/Src/stm32f4xx_hal_i2c.o
LOAD ./Drivers/STM32F4xx_HAL_Driver/Src/stm32f4xx_hal_i2c_ex.o
LOAD ./Drivers/STM32F4xx_HAL_Driver/Src/stm32f4xx_hal_pwr.o
LOAD ./Drivers/STM32F4xx_HAL_Driver/Src/stm32f4xx_hal_pwr_ex.o
LOAD ./Drivers/STM32F4xx_HAL_Driver/Src/stm32f4xx_hal_rcc.o
LOAD ./Drivers/STM32F4xx_HAL_Driver/Src/stm32f4xx_hal_rcc_ex.o
LOAD ./Drivers/STM32F4xx_HAL_Driver/Src/stm32f4xx_hal_tim.o
LOAD ./Drivers/STM32F4xx_HAL_Driver/Src/stm32f4xx_hal_tim_ex.o
LOAD ./Drivers/STM32F4xx_HAL_Driver/Src/stm32f4xx_hal_uart.o
START GROUP
LOAD G:/Program Files (x86)/ST/STMCubeIDE_1.16.1/STM32CubeIDE_1.16.1/STM32CubeIDE/plugins/com.st.stm32cube.ide.mcu.externaltools.gnu-tools-for-stm32.12.3.rel1.win32_1.0.200.202406191623/tools/bin/../lib/gcc/arm-none-eabi/12.3.1/../../../../arm-none-eabi/lib/thumb/v7e-m+fp/hard\libc_nano.a
LOAD G:/Program Files (x86)/ST/STMCubeIDE_1.16.1/STM32CubeIDE_1.16.1/STM32CubeIDE/plugins/com.st.stm32cube.ide.mcu.externaltools.gnu-tools-for-stm32.12.3.rel1.win32_1.0.200.202406191623/tools/bin/../lib/gcc/arm-none-eabi/12.3.1/../../../../arm-none-eabi/lib/thumb/v7e-m+fp/hard\libm.a
END GROUP
START GROUP
LOAD G:/Program Files (x86)/ST/STMCubeIDE_1.16.1/STM32CubeIDE_1.16.1/STM32CubeIDE/plugins/com.st.stm32cube.ide.mcu.externaltools.gnu-tools-for-stm32.12.3.rel1.win32_1.0.200.202406191623/tools/bin/../lib/gcc/arm-none-eabi/12.3.1/thumb/v7e-m+fp/hard\libgcc.a
LOAD G:/Program Files (x86)/ST/STMCubeIDE_1.16.1/STM32CubeIDE_1.16.1/STM32CubeIDE/plugins/com.st.stm32cube.ide.mcu.externaltools.gnu-tools-for-stm32.12.3.rel1.win32_1.0.200.202406191623/tools/bin/../lib/gcc/arm-none-eabi/12.3.1/../../../../arm-none-eabi/lib/thumb/v7e-m+fp/hard\libc_nano.a
END GROUP
START GROUP
LOAD G:/Program Files (x86)/ST/STMCubeIDE_1.16.1/STM32CubeIDE_1.16.1/STM32CubeIDE/plugins/com.st.stm32cube.ide.mcu.externaltools.gnu-tools-for-stm32.12.3.rel1.win32_1.0.200.202406191623/tools/bin/../lib/gcc/arm-none-eabi/12.3.1/thumb/v7e-m+fp/hard\libgcc.a
LOAD G:/Program Files (x86)/ST/STMCubeIDE_1.16.1/STM32CubeIDE_1.16.1/STM32CubeIDE/plugins/com.st.stm32cube.ide.mcu.externaltools.gnu-tools-for-stm32.12.3.rel1.win32_1.0.200.202406191623/tools/bin/../lib/gcc/arm-none-eabi/12.3.1/../../../../arm-none-eabi/lib/thumb/v7e-m+fp/hard\libc_nano.a
LOAD G:/Program Files (x86)/ST/STMCubeIDE_1.16.1/STM32CubeIDE_1.16.1/STM32CubeIDE/plugins/com.st.stm32cube.ide.mcu.externaltools.gnu-tools-for-stm32.12.3.rel1.win32_1.0.200.202406191623/tools/bin/../lib/gcc/arm-none-eabi/12.3.1/../../../../arm-none-eabi/lib/thumb/v7e-m+fp/hard\libnosys.a
END GROUP
START GROUP
LOAD G:/Program Files (x86)/ST/STMCubeIDE_1.16.1/STM32CubeIDE_1.16.1/STM32CubeIDE/plugins/com.st.stm32cube.ide.mcu.externaltools.gnu-tools-for-stm32.12.3.rel1.win32_1.0.200.202406191623/tools/bin/../lib/gcc/arm-none-eabi/12.3.1/thumb/v7e-m+fp/hard\libgcc.a
LOAD G:/Program Files (x86)/ST/STMCubeIDE_1.16.1/STM32CubeIDE_1.16.1/STM32CubeIDE/plugins/com.st.stm32cube.ide.mcu.externaltools.gnu-tools-for-stm32.12.3.rel1.win32_1.0.200.202406191623/tools/bin/../lib/gcc/arm-none-eabi/12.3.1/../../../../arm-none-eabi/lib/thumb/v7e-m+fp/hard\libc_nano.a
LOAD G:/Program Files (x86)/ST/STMCubeIDE_1.16.1/STM32CubeIDE_1.16.1/STM32CubeIDE/plugins/com.st.stm32cube.ide.mcu.externaltools.gnu-tools-for-stm32.12.3.rel1.win32_1.0.200.202406191623/tools/bin/../lib/gcc/arm-none-eabi/12.3.1/../../../../arm-none-eabi/lib/thumb/v7e-m+fp/hard\libnosys.a
END GROUP
LOAD G:/Program Files (x86)/ST/STMCubeIDE_1.16.1/STM32CubeIDE_1.16.1/STM32CubeIDE/plugins/com.st.stm32cube.ide.mcu.externaltools.gnu-tools-for-stm32.12.3.rel1.win32_1.0.200.202406191623/tools/bin/../lib/gcc/arm-none-eabi/12.3.1/thumb/v7e-m+fp/hard/crtend.o
LOAD G:/Program Files (x86)/ST/STMCubeIDE_1.16.1/STM32CubeIDE_1.16.1/STM32CubeIDE/plugins/com.st.stm32cube.ide.mcu.externaltools.gnu-tools-for-stm32.12.3.rel1.win32_1.0.200.202406191623/tools/bin/../lib/gcc/arm-none-eabi/12.3.1/thumb/v7e-m+fp/hard/crtn.o
                0x20020000                        _estack = (ORIGIN (RAM) + LENGTH (RAM))
                0x00000200                        _Min_Heap_Size = 0x200
                0x00000400                        _Min_Stack_Size = 0x400

.isr_vector     0x08000000      0x1c4
                0x08000000                        . = ALIGN (0x4)
 *(.isr_vector)
 .isr_vector    0x08000000      0x1c4 ./Core/Startup/startup_stm32f446retx.o
                0x08000000                g_pfnVectors
                0x080001c4                        . = ALIGN (0x4)

.text           0x080001d0     0x8530
                0x080001d0                        . = ALIGN (0x4)
 *(.text)
 .text          0x080001d0       0x40 G:/Program Files (x86)/ST/STMCubeIDE_1.16.1/STM32CubeIDE_1.16.1/STM32CubeIDE/plugins/com.st.stm32cube.ide.mcu.externaltools.gnu-tools-for-stm32.12.3.rel1.win32_1.0.200.202406191623/tools/bin/../lib/gcc/arm-none-eabi/12.3.1/thumb/v7e-m+fp/hard/crtbegin.o
 .text          0x08000210       0xa0 G:/Program Files (x86)/ST/STMCubeIDE_1.16.1/STM32CubeIDE_1.16.1/STM32CubeIDE/plugins/com.st.stm32cube.ide.mcu.externaltools.gnu-tools-for-stm32.12.3.rel1.win32_1.0.200.202406191623/tools/bin/../lib/gcc/arm-none-eabi/12.3.1/../../../../arm-none-eabi/lib/thumb/v7e-m+fp/hard\libc_nano.a(libc_a-memchr.o)
                0x08000210                memchr
 .text          0x080002b0       0x10 G:/Program Files (x86)/ST/STMCubeIDE_1.16.1/STM32CubeIDE_1.16.1/STM32CubeIDE/plugins/com.st.stm32cube.ide.mcu.externaltools.gnu-tools-for-stm32.12.3.rel1.win32_1.0.200.202406191623/tools/bin/../lib/gcc/arm-none-eabi/12.3.1/../../../../arm-none-eabi/lib/thumb/v7e-m+fp/hard\libc_nano.a(libc_a-strlen.o)
                0x080002b0                strlen
 .text          0x080002c0      0x378 G:/Program Files (x86)/ST/STMCubeIDE_1.16.1/STM32CubeIDE_1.16.1/STM32CubeIDE/plugins/com.st.stm32cube.ide.mcu.externaltools.gnu-tools-for-stm32.12.3.rel1.win32_1.0.200.202406191623/tools/bin/../lib/gcc/arm-none-eabi/12.3.1/thumb/v7e-m+fp/hard\libgcc.a(_arm_addsubdf3.o)
                0x080002c0                __aeabi_drsub
                0x080002c8                __aeabi_dsub
                0x080002c8                __subdf3
                0x080002cc                __aeabi_dadd
                0x080002cc                __adddf3
                0x08000544                __floatunsidf
                0x08000544                __aeabi_ui2d
                0x08000564                __floatsidf
                0x08000564                __aeabi_i2d
                0x08000588                __aeabi_f2d
                0x08000588                __extendsfdf2
                0x080005cc                __floatundidf
                0x080005cc                __aeabi_ul2d
                0x080005dc                __floatdidf
                0x080005dc                __aeabi_l2d
 .text          0x08000638      0x424 G:/Program Files (x86)/ST/STMCubeIDE_1.16.1/STM32CubeIDE_1.16.1/STM32CubeIDE/plugins/com.st.stm32cube.ide.mcu.externaltools.gnu-tools-for-stm32.12.3.rel1.win32_1.0.200.202406191623/tools/bin/../lib/gcc/arm-none-eabi/12.3.1/thumb/v7e-m+fp/hard\libgcc.a(_arm_muldivdf3.o)
                0x08000638                __aeabi_dmul
                0x08000638                __muldf3
                0x0800088c                __divdf3
                0x0800088c                __aeabi_ddiv
 .text          0x08000a5c      0x110 G:/Program Files (x86)/ST/STMCubeIDE_1.16.1/STM32CubeIDE_1.16.1/STM32CubeIDE/plugins/com.st.stm32cube.ide.mcu.externaltools.gnu-tools-for-stm32.12.3.rel1.win32_1.0.200.202406191623/tools/bin/../lib/gcc/arm-none-eabi/12.3.1/thumb/v7e-m+fp/hard\libgcc.a(_arm_cmpdf2.o)
                0x08000a5c                __gtdf2
                0x08000a5c                __gedf2
                0x08000a64                __ltdf2
                0x08000a64                __ledf2
                0x08000a6c                __nedf2
                0x08000a6c                __eqdf2
                0x08000a6c                __cmpdf2
                0x08000ae8                __aeabi_cdrcmple
                0x08000af8                __aeabi_cdcmpeq
                0x08000af8                __aeabi_cdcmple
                0x08000b08                __aeabi_dcmpeq
                0x08000b1c                __aeabi_dcmplt
                0x08000b30                __aeabi_dcmple
                0x08000b44                __aeabi_dcmpge
                0x08000b58                __aeabi_dcmpgt
 .text          0x08000b6c       0x2c G:/Program Files (x86)/ST/STMCubeIDE_1.16.1/STM32CubeIDE_1.16.1/STM32CubeIDE/plugins/com.st.stm32cube.ide.mcu.externaltools.gnu-tools-for-stm32.12.3.rel1.win32_1.0.200.202406191623/tools/bin/../lib/gcc/arm-none-eabi/12.3.1/thumb/v7e-m+fp/hard\libgcc.a(_arm_unorddf2.o)
                0x08000b6c                __unorddf2
                0x08000b6c                __aeabi_dcmpun
 .text          0x08000b98       0x50 G:/Program Files (x86)/ST/STMCubeIDE_1.16.1/STM32CubeIDE_1.16.1/STM32CubeIDE/plugins/com.st.stm32cube.ide.mcu.externaltools.gnu-tools-for-stm32.12.3.rel1.win32_1.0.200.202406191623/tools/bin/../lib/gcc/arm-none-eabi/12.3.1/thumb/v7e-m+fp/hard\libgcc.a(_arm_fixdfsi.o)
                0x08000b98                __aeabi_d2iz
                0x08000b98                __fixdfsi
 .text          0x08000be8       0x40 G:/Program Files (x86)/ST/STMCubeIDE_1.16.1/STM32CubeIDE_1.16.1/STM32CubeIDE/plugins/com.st.stm32cube.ide.mcu.externaltools.gnu-tools-for-stm32.12.3.rel1.win32_1.0.200.202406191623/tools/bin/../lib/gcc/arm-none-eabi/12.3.1/thumb/v7e-m+fp/hard\libgcc.a(_arm_fixunsdfsi.o)
                0x08000be8                __aeabi_d2uiz
                0x08000be8                __fixunsdfsi
 .text          0x08000c28       0x30 G:/Program Files (x86)/ST/STMCubeIDE_1.16.1/STM32CubeIDE_1.16.1/STM32CubeIDE/plugins/com.st.stm32cube.ide.mcu.externaltools.gnu-tools-for-stm32.12.3.rel1.win32_1.0.200.202406191623/tools/bin/../lib/gcc/arm-none-eabi/12.3.1/thumb/v7e-m+fp/hard\libgcc.a(_aeabi_uldivmod.o)
                0x08000c28                __aeabi_uldivmod
 .text          0x08000c58      0x2bc G:/Program Files (x86)/ST/STMCubeIDE_1.16.1/STM32CubeIDE_1.16.1/STM32CubeIDE/plugins/com.st.stm32cube.ide.mcu.externaltools.gnu-tools-for-stm32.12.3.rel1.win32_1.0.200.202406191623/tools/bin/../lib/gcc/arm-none-eabi/12.3.1/thumb/v7e-m+fp/hard\libgcc.a(_udivmoddi4.o)
                0x08000c58                __udivmoddi4
 .text          0x08000f14        0x4 G:/Program Files (x86)/ST/STMCubeIDE_1.16.1/STM32CubeIDE_1.16.1/STM32CubeIDE/plugins/com.st.stm32cube.ide.mcu.externaltools.gnu-tools-for-stm32.12.3.rel1.win32_1.0.200.202406191623/tools/bin/../lib/gcc/arm-none-eabi/12.3.1/thumb/v7e-m+fp/hard\libgcc.a(_dvmd_tls.o)
                0x08000f14                __aeabi_idiv0
                0x08000f14                __aeabi_ldiv0
 *(.text*)
 .text.MX_GPIO_Init
                0x08000f18       0xf4 ./Core/Src/gpio.o
                0x08000f18                MX_GPIO_Init
 .text.MX_I2C1_Init
                0x0800100c       0x5c ./Core/Src/i2c.o
                0x0800100c                MX_I2C1_Init
 .text.HAL_I2C_MspInit
                0x08001068       0x90 ./Core/Src/i2c.o
                0x08001068                HAL_I2C_MspInit
 .text.delay    0x080010f8       0x30 ./Core/Src/main.o
                0x080010f8                delay
 .text.lcd_send_cmd
                0x08001128       0x60 ./Core/Src/main.o
                0x08001128                lcd_send_cmd
 .text.lcd_send_data
                0x08001188       0x60 ./Core/Src/main.o
                0x08001188                lcd_send_data
 .text.lcd_clear
                0x080011e8       0x2e ./Core/Src/main.o
                0x080011e8                lcd_clear
 .text.lcd_put_cur
                0x08001216       0x3e ./Core/Src/main.o
                0x08001216                lcd_put_cur
 .text.lcd_init
                0x08001254       0x7a ./Core/Src/main.o
                0x08001254                lcd_init
 .text.lcd_send_string
                0x080012ce       0x2a ./Core/Src/main.o
                0x080012ce                lcd_send_string
 .text.Display_Temp
                0x080012f8       0x54 ./Core/Src/main.o
                0x080012f8                Display_Temp
 .text.Set_Pin_Output
                0x0800134c       0x3c ./Core/Src/main.o
                0x0800134c                Set_Pin_Output
 .text.Set_Pin_Input
                0x08001388       0x3c ./Core/Src/main.o
                0x08001388                Set_Pin_Input
 .text.DS18B20_Start
                0x080013c4       0x60 ./Core/Src/main.o
                0x080013c4                DS18B20_Start
 .text.DS18B20_Write
                0x08001424       0x8c ./Core/Src/main.o
                0x08001424                DS18B20_Write
 .text.DS18B20_Read
                0x080014b0       0x7c ./Core/Src/main.o
                0x080014b0                DS18B20_Read
 *fill*         0x0800152c        0x4 
 .text.main     0x08001530      0x65c ./Core/Src/main.o
                0x08001530                main
 .text.SystemClock_Config
                0x08001b8c       0xd8 ./Core/Src/main.o
                0x08001b8c                SystemClock_Config
 .text.HAL_GPIO_EXTI_Callback
                0x08001c64       0x70 ./Core/Src/main.o
                0x08001c64                HAL_GPIO_EXTI_Callback
 .text.HAL_TIM_PeriodElapsedCallback
                0x08001cd4       0x98 ./Core/Src/main.o
                0x08001cd4                HAL_TIM_PeriodElapsedCallback
 .text.Error_Handler
                0x08001d6c        0xc ./Core/Src/main.o
                0x08001d6c                Error_Handler
 .text.PID_Init
                0x08001d78       0x74 ./Core/Src/pid.o
                0x08001d78                PID_Init
 *fill*         0x08001dec        0x4 
 .text.PID      0x08001df0       0x98 ./Core/Src/pid.o
                0x08001df0                PID
 .text.PID_Compute
                0x08001e88      0x1d4 ./Core/Src/pid.o
                0x08001e88                PID_Compute
 .text.PID_SetMode
                0x0800205c       0x3c ./Core/Src/pid.o
                0x0800205c                PID_SetMode
 .text.PID_SetOutputLimits
                0x08002098       0xdc ./Core/Src/pid.o
                0x08002098                PID_SetOutputLimits
 .text.PID_SetTunings2
                0x08002174      0x150 ./Core/Src/pid.o
                0x08002174                PID_SetTunings2
 .text.PID_SetControllerDirection
                0x080022c4       0x80 ./Core/Src/pid.o
                0x080022c4                PID_SetControllerDirection
 .text.PID_SetSampleTime
                0x08002344       0x76 ./Core/Src/pid.o
                0x08002344                PID_SetSampleTime
 *fill*         0x080023ba        0x2 
 .text.HAL_MspInit
                0x080023bc       0x50 ./Core/Src/stm32f4xx_hal_msp.o
                0x080023bc                HAL_MspInit
 .text.NMI_Handler
                0x0800240c        0x8 ./Core/Src/stm32f4xx_it.o
                0x0800240c                NMI_Handler
 .text.HardFault_Handler
                0x08002414        0x8 ./Core/Src/stm32f4xx_it.o
                0x08002414                HardFault_Handler
 .text.MemManage_Handler
                0x0800241c        0x8 ./Core/Src/stm32f4xx_it.o
                0x0800241c                MemManage_Handler
 .text.BusFault_Handler
                0x08002424        0x8 ./Core/Src/stm32f4xx_it.o
                0x08002424                BusFault_Handler
 .text.UsageFault_Handler
                0x0800242c        0x8 ./Core/Src/stm32f4xx_it.o
                0x0800242c                UsageFault_Handler
 .text.SVC_Handler
                0x08002434        0xe ./Core/Src/stm32f4xx_it.o
                0x08002434                SVC_Handler
 .text.DebugMon_Handler
                0x08002442        0xe ./Core/Src/stm32f4xx_it.o
                0x08002442                DebugMon_Handler
 .text.PendSV_Handler
                0x08002450        0xe ./Core/Src/stm32f4xx_it.o
                0x08002450                PendSV_Handler
 .text.SysTick_Handler
                0x0800245e        0xc ./Core/Src/stm32f4xx_it.o
                0x0800245e                SysTick_Handler
 .text.EXTI4_IRQHandler
                0x0800246a        0xe ./Core/Src/stm32f4xx_it.o
                0x0800246a                EXTI4_IRQHandler
 .text.EXTI9_5_IRQHandler
                0x08002478       0x10 ./Core/Src/stm32f4xx_it.o
                0x08002478                EXTI9_5_IRQHandler
 .text.TIM1_UP_TIM10_IRQHandler
                0x08002488       0x14 ./Core/Src/stm32f4xx_it.o
                0x08002488                TIM1_UP_TIM10_IRQHandler
 .text.EXTI15_10_IRQHandler
                0x0800249c       0x10 ./Core/Src/stm32f4xx_it.o
                0x0800249c                EXTI15_10_IRQHandler
 .text._getpid  0x080024ac       0x10 ./Core/Src/syscalls.o
                0x080024ac                _getpid
 .text._kill    0x080024bc       0x20 ./Core/Src/syscalls.o
                0x080024bc                _kill
 .text._exit    0x080024dc       0x16 ./Core/Src/syscalls.o
                0x080024dc                _exit
 .text._read    0x080024f2       0x3a ./Core/Src/syscalls.o
                0x080024f2                _read
 .text._write   0x0800252c       0x38 ./Core/Src/syscalls.o
                0x0800252c                _write
 .text._close   0x08002564       0x18 ./Core/Src/syscalls.o
                0x08002564                _close
 .text._fstat   0x0800257c       0x20 ./Core/Src/syscalls.o
                0x0800257c                _fstat
 .text._isatty  0x0800259c       0x16 ./Core/Src/syscalls.o
                0x0800259c                _isatty
 .text._lseek   0x080025b2       0x1a ./Core/Src/syscalls.o
                0x080025b2                _lseek
 .text._sbrk    0x080025cc       0x6c ./Core/Src/sysmem.o
                0x080025cc                _sbrk
 .text.SystemInit
                0x08002638       0x24 ./Core/Src/system_stm32f4xx.o
                0x08002638                SystemInit
 .text.MX_TIM3_Init
                0x0800265c       0xb4 ./Core/Src/tim.o
                0x0800265c                MX_TIM3_Init
 .text.MX_TIM6_Init
                0x08002710       0x6c ./Core/Src/tim.o
                0x08002710                MX_TIM6_Init
 .text.MX_TIM10_Init
                0x0800277c       0x48 ./Core/Src/tim.o
                0x0800277c                MX_TIM10_Init
 .text.HAL_TIM_PWM_MspInit
                0x080027c4       0x44 ./Core/Src/tim.o
                0x080027c4                HAL_TIM_PWM_MspInit
 .text.HAL_TIM_Base_MspInit
                0x08002808       0x7c ./Core/Src/tim.o
                0x08002808                HAL_TIM_Base_MspInit
 .text.HAL_TIM_MspPostInit
                0x08002884       0x74 ./Core/Src/tim.o
                0x08002884                HAL_TIM_MspPostInit
 .text.MX_USART2_UART_Init
                0x080028f8       0x54 ./Core/Src/usart.o
                0x080028f8                MX_USART2_UART_Init
 .text.HAL_UART_MspInit
                0x0800294c       0x90 ./Core/Src/usart.o
                0x0800294c                HAL_UART_MspInit
 .text.Reset_Handler
                0x080029dc       0x50 ./Core/Startup/startup_stm32f446retx.o
                0x080029dc                Reset_Handler
 .text.Default_Handler
                0x08002a2c        0x2 ./Core/Startup/startup_stm32f446retx.o
                0x08002a2c                RTC_Alarm_IRQHandler
                0x08002a2c                EXTI2_IRQHandler
                0x08002a2c                TIM8_CC_IRQHandler
                0x08002a2c                FMPI2C1_EV_IRQHandler
                0x08002a2c                SPI4_IRQHandler
                0x08002a2c                TIM1_CC_IRQHandler
                0x08002a2c                DMA2_Stream5_IRQHandler
                0x08002a2c                DMA1_Stream5_IRQHandler
                0x08002a2c                PVD_IRQHandler
                0x08002a2c                SDIO_IRQHandler
                0x08002a2c                TAMP_STAMP_IRQHandler
                0x08002a2c                CAN2_RX1_IRQHandler
                0x08002a2c                EXTI3_IRQHandler
                0x08002a2c                TIM8_TRG_COM_TIM14_IRQHandler
                0x08002a2c                TIM8_UP_TIM13_IRQHandler
                0x08002a2c                I2C3_ER_IRQHandler
                0x08002a2c                EXTI0_IRQHandler
                0x08002a2c                I2C2_EV_IRQHandler
                0x08002a2c                DMA1_Stream2_IRQHandler
                0x08002a2c                CAN1_RX0_IRQHandler
                0x08002a2c                FPU_IRQHandler
                0x08002a2c                OTG_HS_WKUP_IRQHandler
                0x08002a2c                CAN2_SCE_IRQHandler
                0x08002a2c                DMA2_Stream2_IRQHandler
                0x08002a2c                SPI1_IRQHandler
                0x08002a2c                TIM6_DAC_IRQHandler
                0x08002a2c                TIM1_BRK_TIM9_IRQHandler
                0x08002a2c                DCMI_IRQHandler
                0x08002a2c                CAN2_RX0_IRQHandler
                0x08002a2c                DMA2_Stream3_IRQHandler
                0x08002a2c                SAI2_IRQHandler
                0x08002a2c                USART6_IRQHandler
                0x08002a2c                USART3_IRQHandler
                0x08002a2c                CAN1_RX1_IRQHandler
                0x08002a2c                UART5_IRQHandler
                0x08002a2c                DMA2_Stream0_IRQHandler
                0x08002a2c                TIM4_IRQHandler
                0x08002a2c                QUADSPI_IRQHandler
                0x08002a2c                I2C1_EV_IRQHandler
                0x08002a2c                DMA1_Stream6_IRQHandler
                0x08002a2c                DMA1_Stream1_IRQHandler
                0x08002a2c                UART4_IRQHandler
                0x08002a2c                TIM3_IRQHandler
                0x08002a2c                RCC_IRQHandler
                0x08002a2c                TIM8_BRK_TIM12_IRQHandler
                0x08002a2c                Default_Handler
                0x08002a2c                CEC_IRQHandler
                0x08002a2c                ADC_IRQHandler
                0x08002a2c                DMA1_Stream7_IRQHandler
                0x08002a2c                TIM7_IRQHandler
                0x08002a2c                CAN2_TX_IRQHandler
                0x08002a2c                TIM5_IRQHandler
                0x08002a2c                DMA2_Stream7_IRQHandler
                0x08002a2c                I2C3_EV_IRQHandler
                0x08002a2c                RTC_WKUP_IRQHandler
                0x08002a2c                SPDIF_RX_IRQHandler
                0x08002a2c                SPI2_IRQHandler
                0x08002a2c                OTG_HS_EP1_IN_IRQHandler
                0x08002a2c                DMA1_Stream0_IRQHandler
                0x08002a2c                CAN1_TX_IRQHandler
                0x08002a2c                FMPI2C1_ER_IRQHandler
                0x08002a2c                OTG_HS_EP1_OUT_IRQHandler
                0x08002a2c                WWDG_IRQHandler
                0x08002a2c                TIM2_IRQHandler
                0x08002a2c                OTG_FS_WKUP_IRQHandler
                0x08002a2c                TIM1_TRG_COM_TIM11_IRQHandler
                0x08002a2c                OTG_HS_IRQHandler
                0x08002a2c                EXTI1_IRQHandler
                0x08002a2c                USART2_IRQHandler
                0x08002a2c                I2C2_ER_IRQHandler
                0x08002a2c                DMA2_Stream1_IRQHandler
                0x08002a2c                CAN1_SCE_IRQHandler
                0x08002a2c                FLASH_IRQHandler
                0x08002a2c                DMA2_Stream4_IRQHandler
                0x08002a2c                USART1_IRQHandler
                0x08002a2c                OTG_FS_IRQHandler
                0x08002a2c                SPI3_IRQHandler
                0x08002a2c                DMA1_Stream4_IRQHandler
                0x08002a2c                I2C1_ER_IRQHandler
                0x08002a2c                FMC_IRQHandler
                0x08002a2c                DMA2_Stream6_IRQHandler
                0x08002a2c                SAI1_IRQHandler
                0x08002a2c                DMA1_Stream3_IRQHandler
 *fill*         0x08002a2e        0x2 
 .text.HAL_Init
                0x08002a30       0x44 ./Drivers/STM32F4xx_HAL_Driver/Src/stm32f4xx_hal.o
                0x08002a30                HAL_Init
 .text.HAL_InitTick
                0x08002a74       0x60 ./Drivers/STM32F4xx_HAL_Driver/Src/stm32f4xx_hal.o
                0x08002a74                HAL_InitTick
 .text.HAL_IncTick
                0x08002ad4       0x28 ./Drivers/STM32F4xx_HAL_Driver/Src/stm32f4xx_hal.o
                0x08002ad4                HAL_IncTick
 .text.HAL_GetTick
                0x08002afc       0x18 ./Drivers/STM32F4xx_HAL_Driver/Src/stm32f4xx_hal.o
                0x08002afc                HAL_GetTick
 .text.HAL_Delay
                0x08002b14       0x48 ./Drivers/STM32F4xx_HAL_Driver/Src/stm32f4xx_hal.o
                0x08002b14                HAL_Delay
 .text.__NVIC_SetPriorityGrouping
                0x08002b5c       0x48 ./Drivers/STM32F4xx_HAL_Driver/Src/stm32f4xx_hal_cortex.o
 .text.__NVIC_GetPriorityGrouping
                0x08002ba4       0x1c ./Drivers/STM32F4xx_HAL_Driver/Src/stm32f4xx_hal_cortex.o
 .text.__NVIC_EnableIRQ
                0x08002bc0       0x3c ./Drivers/STM32F4xx_HAL_Driver/Src/stm32f4xx_hal_cortex.o
 .text.__NVIC_SetPriority
                0x08002bfc       0x54 ./Drivers/STM32F4xx_HAL_Driver/Src/stm32f4xx_hal_cortex.o
 .text.NVIC_EncodePriority
                0x08002c50       0x66 ./Drivers/STM32F4xx_HAL_Driver/Src/stm32f4xx_hal_cortex.o
 *fill*         0x08002cb6        0x2 
 .text.SysTick_Config
                0x08002cb8       0x44 ./Drivers/STM32F4xx_HAL_Driver/Src/stm32f4xx_hal_cortex.o
 .text.HAL_NVIC_SetPriorityGrouping
                0x08002cfc       0x16 ./Drivers/STM32F4xx_HAL_Driver/Src/stm32f4xx_hal_cortex.o
                0x08002cfc                HAL_NVIC_SetPriorityGrouping
 .text.HAL_NVIC_SetPriority
                0x08002d12       0x38 ./Drivers/STM32F4xx_HAL_Driver/Src/stm32f4xx_hal_cortex.o
                0x08002d12                HAL_NVIC_SetPriority
 .text.HAL_NVIC_EnableIRQ
                0x08002d4a       0x1c ./Drivers/STM32F4xx_HAL_Driver/Src/stm32f4xx_hal_cortex.o
                0x08002d4a                HAL_NVIC_EnableIRQ
 .text.HAL_SYSTICK_Config
                0x08002d66       0x18 ./Drivers/STM32F4xx_HAL_Driver/Src/stm32f4xx_hal_cortex.o
                0x08002d66                HAL_SYSTICK_Config
 *fill*         0x08002d7e        0x2 
 .text.HAL_GPIO_Init
                0x08002d80      0x328 ./Drivers/STM32F4xx_HAL_Driver/Src/stm32f4xx_hal_gpio.o
                0x08002d80                HAL_GPIO_Init
 .text.HAL_GPIO_ReadPin
                0x080030a8       0x30 ./Drivers/STM32F4xx_HAL_Driver/Src/stm32f4xx_hal_gpio.o
                0x080030a8                HAL_GPIO_ReadPin
 .text.HAL_GPIO_WritePin
                0x080030d8       0x32 ./Drivers/STM32F4xx_HAL_Driver/Src/stm32f4xx_hal_gpio.o
                0x080030d8                HAL_GPIO_WritePin
 *fill*         0x0800310a        0x2 
 .text.HAL_GPIO_EXTI_IRQHandler
                0x0800310c       0x30 ./Drivers/STM32F4xx_HAL_Driver/Src/stm32f4xx_hal_gpio.o
                0x0800310c                HAL_GPIO_EXTI_IRQHandler
 .text.HAL_I2C_Init
                0x0800313c      0x288 ./Drivers/STM32F4xx_HAL_Driver/Src/stm32f4xx_hal_i2c.o
                0x0800313c                HAL_I2C_Init
 .text.HAL_I2C_Master_Transmit
                0x080033c4      0x1fc ./Drivers/STM32F4xx_HAL_Driver/Src/stm32f4xx_hal_i2c.o
                0x080033c4                HAL_I2C_Master_Transmit
 .text.I2C_MasterRequestWrite
                0x080035c0      0x104 ./Drivers/STM32F4xx_HAL_Driver/Src/stm32f4xx_hal_i2c.o
 .text.I2C_WaitOnFlagUntilTimeout
                0x080036c4       0xf4 ./Drivers/STM32F4xx_HAL_Driver/Src/stm32f4xx_hal_i2c.o
 .text.I2C_WaitOnMasterAddressFlagUntilTimeout
                0x080037b8      0x140 ./Drivers/STM32F4xx_HAL_Driver/Src/stm32f4xx_hal_i2c.o
 .text.I2C_WaitOnTXEFlagUntilTimeout
                0x080038f8       0x90 ./Drivers/STM32F4xx_HAL_Driver/Src/stm32f4xx_hal_i2c.o
 .text.I2C_WaitOnBTFFlagUntilTimeout
                0x08003988       0x90 ./Drivers/STM32F4xx_HAL_Driver/Src/stm32f4xx_hal_i2c.o
 .text.I2C_IsAcknowledgeFailed
                0x08003a18       0x5e ./Drivers/STM32F4xx_HAL_Driver/Src/stm32f4xx_hal_i2c.o
 *fill*         0x08003a76        0x2 
 .text.HAL_RCC_ClockConfig
                0x08003a78      0x1cc ./Drivers/STM32F4xx_HAL_Driver/Src/stm32f4xx_hal_rcc.o
                0x08003a78                HAL_RCC_ClockConfig
 .text.HAL_RCC_GetHCLKFreq
                0x08003c44       0x18 ./Drivers/STM32F4xx_HAL_Driver/Src/stm32f4xx_hal_rcc.o
                0x08003c44                HAL_RCC_GetHCLKFreq
 .text.HAL_RCC_GetPCLK1Freq
                0x08003c5c       0x28 ./Drivers/STM32F4xx_HAL_Driver/Src/stm32f4xx_hal_rcc.o
                0x08003c5c                HAL_RCC_GetPCLK1Freq
 .text.HAL_RCC_GetPCLK2Freq
                0x08003c84       0x28 ./Drivers/STM32F4xx_HAL_Driver/Src/stm32f4xx_hal_rcc.o
                0x08003c84                HAL_RCC_GetPCLK2Freq
 .text.HAL_RCC_GetSysClockFreq
                0x08003cac      0x354 ./Drivers/STM32F4xx_HAL_Driver/Src/stm32f4xx_hal_rcc_ex.o
                0x08003cac                HAL_RCC_GetSysClockFreq
 .text.HAL_RCC_OscConfig
                0x08004000      0x53c ./Drivers/STM32F4xx_HAL_Driver/Src/stm32f4xx_hal_rcc_ex.o
                0x08004000                HAL_RCC_OscConfig
 .text.HAL_TIM_Base_Init
                0x0800453c       0x9e ./Drivers/STM32F4xx_HAL_Driver/Src/stm32f4xx_hal_tim.o
                0x0800453c                HAL_TIM_Base_Init
 *fill*         0x080045da        0x2 
 .text.HAL_TIM_Base_Start
                0x080045dc       0xd0 ./Drivers/STM32F4xx_HAL_Driver/Src/stm32f4xx_hal_tim.o
                0x080045dc                HAL_TIM_Base_Start
 .text.HAL_TIM_Base_Start_IT
                0x080046ac       0xe0 ./Drivers/STM32F4xx_HAL_Driver/Src/stm32f4xx_hal_tim.o
                0x080046ac                HAL_TIM_Base_Start_IT
 .text.HAL_TIM_Base_Stop_IT
                0x0800478c       0x5e ./Drivers/STM32F4xx_HAL_Driver/Src/stm32f4xx_hal_tim.o
                0x0800478c                HAL_TIM_Base_Stop_IT
 .text.HAL_TIM_PWM_Init
                0x080047ea       0x9e ./Drivers/STM32F4xx_HAL_Driver/Src/stm32f4xx_hal_tim.o
                0x080047ea                HAL_TIM_PWM_Init
 .text.HAL_TIM_PWM_Start
                0x08004888      0x190 ./Drivers/STM32F4xx_HAL_Driver/Src/stm32f4xx_hal_tim.o
                0x08004888                HAL_TIM_PWM_Start
 .text.HAL_TIM_PWM_Stop
                0x08004a18       0xe0 ./Drivers/STM32F4xx_HAL_Driver/Src/stm32f4xx_hal_tim.o
                0x08004a18                HAL_TIM_PWM_Stop
 .text.HAL_TIM_IRQHandler
                0x08004af8      0x1e0 ./Drivers/STM32F4xx_HAL_Driver/Src/stm32f4xx_hal_tim.o
                0x08004af8                HAL_TIM_IRQHandler
 .text.HAL_TIM_PWM_ConfigChannel
                0x08004cd8      0x184 ./Drivers/STM32F4xx_HAL_Driver/Src/stm32f4xx_hal_tim.o
                0x08004cd8                HAL_TIM_PWM_ConfigChannel
 .text.HAL_TIM_OC_DelayElapsedCallback
                0x08004e5c       0x14 ./Drivers/STM32F4xx_HAL_Driver/Src/stm32f4xx_hal_tim.o
                0x08004e5c                HAL_TIM_OC_DelayElapsedCallback
 .text.HAL_TIM_IC_CaptureCallback
                0x08004e70       0x14 ./Drivers/STM32F4xx_HAL_Driver/Src/stm32f4xx_hal_tim.o
                0x08004e70                HAL_TIM_IC_CaptureCallback
 .text.HAL_TIM_PWM_PulseFinishedCallback
                0x08004e84       0x14 ./Drivers/STM32F4xx_HAL_Driver/Src/stm32f4xx_hal_tim.o
                0x08004e84                HAL_TIM_PWM_PulseFinishedCallback
 .text.HAL_TIM_TriggerCallback
                0x08004e98       0x14 ./Drivers/STM32F4xx_HAL_Driver/Src/stm32f4xx_hal_tim.o
                0x08004e98                HAL_TIM_TriggerCallback
 .text.TIM_Base_SetConfig
                0x08004eac      0x158 ./Drivers/STM32F4xx_HAL_Driver/Src/stm32f4xx_hal_tim.o
                0x08004eac                TIM_Base_SetConfig
 .text.TIM_OC1_SetConfig
                0x08005004       0xe0 ./Drivers/STM32F4xx_HAL_Driver/Src/stm32f4xx_hal_tim.o
 .text.TIM_OC2_SetConfig
                0x080050e4       0xec ./Drivers/STM32F4xx_HAL_Driver/Src/stm32f4xx_hal_tim.o
                0x080050e4                TIM_OC2_SetConfig
 .text.TIM_OC3_SetConfig
                0x080051d0       0xe8 ./Drivers/STM32F4xx_HAL_Driver/Src/stm32f4xx_hal_tim.o
 .text.TIM_OC4_SetConfig
                0x080052b8       0xac ./Drivers/STM32F4xx_HAL_Driver/Src/stm32f4xx_hal_tim.o
 .text.TIM_CCxChannelCmd
                0x08005364       0x4a ./Drivers/STM32F4xx_HAL_Driver/Src/stm32f4xx_hal_tim.o
                0x08005364                TIM_CCxChannelCmd
 *fill*         0x080053ae        0x2 
 .text.HAL_TIMEx_MasterConfigSynchronization
                0x080053b0       0xf8 ./Drivers/STM32F4xx_HAL_Driver/Src/stm32f4xx_hal_tim_ex.o
                0x080053b0                HAL_TIMEx_MasterConfigSynchronization
 .text.HAL_TIMEx_CommutCallback
                0x080054a8       0x14 ./Drivers/STM32F4xx_HAL_Driver/Src/stm32f4xx_hal_tim_ex.o
                0x080054a8                HAL_TIMEx_CommutCallback
 .text.HAL_TIMEx_BreakCallback
                0x080054bc       0x14 ./Drivers/STM32F4xx_HAL_Driver/Src/stm32f4xx_hal_tim_ex.o
                0x080054bc                HAL_TIMEx_BreakCallback
 .text.HAL_UART_Init
                0x080054d0       0xa0 ./Drivers/STM32F4xx_HAL_Driver/Src/stm32f4xx_hal_uart.o
                0x080054d0                HAL_UART_Init
 .text.UART_SetConfig
                0x08005570      0x4e8 ./Drivers/STM32F4xx_HAL_Driver/Src/stm32f4xx_hal_uart.o
 .text.__cvt    0x08005a58       0xca G:/Program Files (x86)/ST/STMCubeIDE_1.16.1/STM32CubeIDE_1.16.1/STM32CubeIDE/plugins/com.st.stm32cube.ide.mcu.externaltools.gnu-tools-for-stm32.12.3.rel1.win32_1.0.200.202406191623/tools/bin/../lib/gcc/arm-none-eabi/12.3.1/../../../../arm-none-eabi/lib/thumb/v7e-m+fp/hard\libc_nano.a(libc_a-nano-vfprintf_float.o)
                0x08005a58                __cvt
 .text.__exponent
                0x08005b22       0x74 G:/Program Files (x86)/ST/STMCubeIDE_1.16.1/STM32CubeIDE_1.16.1/STM32CubeIDE/plugins/com.st.stm32cube.ide.mcu.externaltools.gnu-tools-for-stm32.12.3.rel1.win32_1.0.200.202406191623/tools/bin/../lib/gcc/arm-none-eabi/12.3.1/../../../../arm-none-eabi/lib/thumb/v7e-m+fp/hard\libc_nano.a(libc_a-nano-vfprintf_float.o)
                0x08005b22                __exponent
 *fill*         0x08005b96        0x2 
 .text._printf_float
                0x08005b98      0x454 G:/Program Files (x86)/ST/STMCubeIDE_1.16.1/STM32CubeIDE_1.16.1/STM32CubeIDE/plugins/com.st.stm32cube.ide.mcu.externaltools.gnu-tools-for-stm32.12.3.rel1.win32_1.0.200.202406191623/tools/bin/../lib/gcc/arm-none-eabi/12.3.1/../../../../arm-none-eabi/lib/thumb/v7e-m+fp/hard\libc_nano.a(libc_a-nano-vfprintf_float.o)
                0x08005b98                _printf_float
 .text._printf_common
                0x08005fec       0xda G:/Program Files (x86)/ST/STMCubeIDE_1.16.1/STM32CubeIDE_1.16.1/STM32CubeIDE/plugins/com.st.stm32cube.ide.mcu.externaltools.gnu-tools-for-stm32.12.3.rel1.win32_1.0.200.202406191623/tools/bin/../lib/gcc/arm-none-eabi/12.3.1/../../../../arm-none-eabi/lib/thumb/v7e-m+fp/hard\libc_nano.a(libc_a-nano-vfprintf_i.o)
                0x08005fec                _printf_common
 *fill*         0x080060c6        0x2 
 .text._printf_i
                0x080060c8      0x240 G:/Program Files (x86)/ST/STMCubeIDE_1.16.1/STM32CubeIDE_1.16.1/STM32CubeIDE/plugins/com.st.stm32cube.ide.mcu.externaltools.gnu-tools-for-stm32.12.3.rel1.win32_1.0.200.202406191623/tools/bin/../lib/gcc/arm-none-eabi/12.3.1/../../../../arm-none-eabi/lib/thumb/v7e-m+fp/hard\libc_nano.a(libc_a-nano-vfprintf_i.o)
                0x080060c8                _printf_i
 .text.std      0x08006308       0x6c G:/Program Files (x86)/ST/STMCubeIDE_1.16.1/STM32CubeIDE_1.16.1/STM32CubeIDE/plugins/com.st.stm32cube.ide.mcu.externaltools.gnu-tools-for-stm32.12.3.rel1.win32_1.0.200.202406191623/tools/bin/../lib/gcc/arm-none-eabi/12.3.1/../../../../arm-none-eabi/lib/thumb/v7e-m+fp/hard\libc_nano.a(libc_a-findfp.o)
 .text.stdio_exit_handler
                0x08006374       0x18 G:/Program Files (x86)/ST/STMCubeIDE_1.16.1/STM32CubeIDE_1.16.1/STM32CubeIDE/plugins/com.st.stm32cube.ide.mcu.externaltools.gnu-tools-for-stm32.12.3.rel1.win32_1.0.200.202406191623/tools/bin/../lib/gcc/arm-none-eabi/12.3.1/../../../../arm-none-eabi/lib/thumb/v7e-m+fp/hard\libc_nano.a(libc_a-findfp.o)
 .text.cleanup_stdio
                0x0800638c       0x40 G:/Program Files (x86)/ST/STMCubeIDE_1.16.1/STM32CubeIDE_1.16.1/STM32CubeIDE/plugins/com.st.stm32cube.ide.mcu.externaltools.gnu-tools-for-stm32.12.3.rel1.win32_1.0.200.202406191623/tools/bin/../lib/gcc/arm-none-eabi/12.3.1/../../../../arm-none-eabi/lib/thumb/v7e-m+fp/hard\libc_nano.a(libc_a-findfp.o)
 .text.global_stdio_init.part.0
                0x080063cc       0x3c G:/Program Files (x86)/ST/STMCubeIDE_1.16.1/STM32CubeIDE_1.16.1/STM32CubeIDE/plugins/com.st.stm32cube.ide.mcu.externaltools.gnu-tools-for-stm32.12.3.rel1.win32_1.0.200.202406191623/tools/bin/../lib/gcc/arm-none-eabi/12.3.1/../../../../arm-none-eabi/lib/thumb/v7e-m+fp/hard\libc_nano.a(libc_a-findfp.o)
 .text.__sfp_lock_acquire
                0x08006408        0xc G:/Program Files (x86)/ST/STMCubeIDE_1.16.1/STM32CubeIDE_1.16.1/STM32CubeIDE/plugins/com.st.stm32cube.ide.mcu.externaltools.gnu-tools-for-stm32.12.3.rel1.win32_1.0.200.202406191623/tools/bin/../lib/gcc/arm-none-eabi/12.3.1/../../../../arm-none-eabi/lib/thumb/v7e-m+fp/hard\libc_nano.a(libc_a-findfp.o)
                0x08006408                __sfp_lock_acquire
 .text.__sfp_lock_release
                0x08006414        0xc G:/Program Files (x86)/ST/STMCubeIDE_1.16.1/STM32CubeIDE_1.16.1/STM32CubeIDE/plugins/com.st.stm32cube.ide.mcu.externaltools.gnu-tools-for-stm32.12.3.rel1.win32_1.0.200.202406191623/tools/bin/../lib/gcc/arm-none-eabi/12.3.1/../../../../arm-none-eabi/lib/thumb/v7e-m+fp/hard\libc_nano.a(libc_a-findfp.o)
                0x08006414                __sfp_lock_release
 .text.__sinit  0x08006420       0x30 G:/Program Files (x86)/ST/STMCubeIDE_1.16.1/STM32CubeIDE_1.16.1/STM32CubeIDE/plugins/com.st.stm32cube.ide.mcu.externaltools.gnu-tools-for-stm32.12.3.rel1.win32_1.0.200.202406191623/tools/bin/../lib/gcc/arm-none-eabi/12.3.1/../../../../arm-none-eabi/lib/thumb/v7e-m+fp/hard\libc_nano.a(libc_a-findfp.o)
                0x08006420                __sinit
 .text._fwalk_sglue
                0x08006450       0x3c G:/Program Files (x86)/ST/STMCubeIDE_1.16.1/STM32CubeIDE_1.16.1/STM32CubeIDE/plugins/com.st.stm32cube.ide.mcu.externaltools.gnu-tools-for-stm32.12.3.rel1.win32_1.0.200.202406191623/tools/bin/../lib/gcc/arm-none-eabi/12.3.1/../../../../arm-none-eabi/lib/thumb/v7e-m+fp/hard\libc_nano.a(libc_a-fwalk.o)
                0x08006450                _fwalk_sglue
 .text.sprintf  0x0800648c       0x40 G:/Program Files (x86)/ST/STMCubeIDE_1.16.1/STM32CubeIDE_1.16.1/STM32CubeIDE/plugins/com.st.stm32cube.ide.mcu.externaltools.gnu-tools-for-stm32.12.3.rel1.win32_1.0.200.202406191623/tools/bin/../lib/gcc/arm-none-eabi/12.3.1/../../../../arm-none-eabi/lib/thumb/v7e-m+fp/hard\libc_nano.a(libc_a-sprintf.o)
                0x0800648c                siprintf
                0x0800648c                sprintf
 .text.__sread  0x080064cc       0x22 G:/Program Files (x86)/ST/STMCubeIDE_1.16.1/STM32CubeIDE_1.16.1/STM32CubeIDE/plugins/com.st.stm32cube.ide.mcu.externaltools.gnu-tools-for-stm32.12.3.rel1.win32_1.0.200.202406191623/tools/bin/../lib/gcc/arm-none-eabi/12.3.1/../../../../arm-none-eabi/lib/thumb/v7e-m+fp/hard\libc_nano.a(libc_a-stdio.o)
                0x080064cc                __sread
 .text.__swrite
                0x080064ee       0x38 G:/Program Files (x86)/ST/STMCubeIDE_1.16.1/STM32CubeIDE_1.16.1/STM32CubeIDE/plugins/com.st.stm32cube.ide.mcu.externaltools.gnu-tools-for-stm32.12.3.rel1.win32_1.0.200.202406191623/tools/bin/../lib/gcc/arm-none-eabi/12.3.1/../../../../arm-none-eabi/lib/thumb/v7e-m+fp/hard\libc_nano.a(libc_a-stdio.o)
                0x080064ee                __swrite
 .text.__sseek  0x08006526       0x24 G:/Program Files (x86)/ST/STMCubeIDE_1.16.1/STM32CubeIDE_1.16.1/STM32CubeIDE/plugins/com.st.stm32cube.ide.mcu.externaltools.gnu-tools-for-stm32.12.3.rel1.win32_1.0.200.202406191623/tools/bin/../lib/gcc/arm-none-eabi/12.3.1/../../../../arm-none-eabi/lib/thumb/v7e-m+fp/hard\libc_nano.a(libc_a-stdio.o)
                0x08006526                __sseek
 .text.__sclose
                0x0800654a        0x8 G:/Program Files (x86)/ST/STMCubeIDE_1.16.1/STM32CubeIDE_1.16.1/STM32CubeIDE/plugins/com.st.stm32cube.ide.mcu.externaltools.gnu-tools-for-stm32.12.3.rel1.win32_1.0.200.202406191623/tools/bin/../lib/gcc/arm-none-eabi/12.3.1/../../../../arm-none-eabi/lib/thumb/v7e-m+fp/hard\libc_nano.a(libc_a-stdio.o)
                0x0800654a                __sclose
 .text.memset   0x08006552       0x10 G:/Program Files (x86)/ST/STMCubeIDE_1.16.1/STM32CubeIDE_1.16.1/STM32CubeIDE/plugins/com.st.stm32cube.ide.mcu.externaltools.gnu-tools-for-stm32.12.3.rel1.win32_1.0.200.202406191623/tools/bin/../lib/gcc/arm-none-eabi/12.3.1/../../../../arm-none-eabi/lib/thumb/v7e-m+fp/hard\libc_nano.a(libc_a-memset.o)
                0x08006552                memset
 *fill*         0x08006562        0x2 
 .text._localeconv_r
                0x08006564        0x8 G:/Program Files (x86)/ST/STMCubeIDE_1.16.1/STM32CubeIDE_1.16.1/STM32CubeIDE/plugins/com.st.stm32cube.ide.mcu.externaltools.gnu-tools-for-stm32.12.3.rel1.win32_1.0.200.202406191623/tools/bin/../lib/gcc/arm-none-eabi/12.3.1/../../../../arm-none-eabi/lib/thumb/v7e-m+fp/hard\libc_nano.a(libc_a-localeconv.o)
                0x08006564                _localeconv_r
 .text._close_r
                0x0800656c       0x20 G:/Program Files (x86)/ST/STMCubeIDE_1.16.1/STM32CubeIDE_1.16.1/STM32CubeIDE/plugins/com.st.stm32cube.ide.mcu.externaltools.gnu-tools-for-stm32.12.3.rel1.win32_1.0.200.202406191623/tools/bin/../lib/gcc/arm-none-eabi/12.3.1/../../../../arm-none-eabi/lib/thumb/v7e-m+fp/hard\libc_nano.a(libc_a-closer.o)
                0x0800656c                _close_r
 .text._lseek_r
                0x0800658c       0x24 G:/Program Files (x86)/ST/STMCubeIDE_1.16.1/STM32CubeIDE_1.16.1/STM32CubeIDE/plugins/com.st.stm32cube.ide.mcu.externaltools.gnu-tools-for-stm32.12.3.rel1.win32_1.0.200.202406191623/tools/bin/../lib/gcc/arm-none-eabi/12.3.1/../../../../arm-none-eabi/lib/thumb/v7e-m+fp/hard\libc_nano.a(libc_a-lseekr.o)
                0x0800658c                _lseek_r
 .text._read_r  0x080065b0       0x24 G:/Program Files (x86)/ST/STMCubeIDE_1.16.1/STM32CubeIDE_1.16.1/STM32CubeIDE/plugins/com.st.stm32cube.ide.mcu.externaltools.gnu-tools-for-stm32.12.3.rel1.win32_1.0.200.202406191623/tools/bin/../lib/gcc/arm-none-eabi/12.3.1/../../../../arm-none-eabi/lib/thumb/v7e-m+fp/hard\libc_nano.a(libc_a-readr.o)
                0x080065b0                _read_r
 .text._write_r
                0x080065d4       0x24 G:/Program Files (x86)/ST/STMCubeIDE_1.16.1/STM32CubeIDE_1.16.1/STM32CubeIDE/plugins/com.st.stm32cube.ide.mcu.externaltools.gnu-tools-for-stm32.12.3.rel1.win32_1.0.200.202406191623/tools/bin/../lib/gcc/arm-none-eabi/12.3.1/../../../../arm-none-eabi/lib/thumb/v7e-m+fp/hard\libc_nano.a(libc_a-writer.o)
                0x080065d4                _write_r
 .text.__errno  0x080065f8        0xc G:/Program Files (x86)/ST/STMCubeIDE_1.16.1/STM32CubeIDE_1.16.1/STM32CubeIDE/plugins/com.st.stm32cube.ide.mcu.externaltools.gnu-tools-for-stm32.12.3.rel1.win32_1.0.200.202406191623/tools/bin/../lib/gcc/arm-none-eabi/12.3.1/../../../../arm-none-eabi/lib/thumb/v7e-m+fp/hard\libc_nano.a(libc_a-errno.o)
                0x080065f8                __errno
 .text.__libc_init_array
                0x08006604       0x48 G:/Program Files (x86)/ST/STMCubeIDE_1.16.1/STM32CubeIDE_1.16.1/STM32CubeIDE/plugins/com.st.stm32cube.ide.mcu.externaltools.gnu-tools-for-stm32.12.3.rel1.win32_1.0.200.202406191623/tools/bin/../lib/gcc/arm-none-eabi/12.3.1/../../../../arm-none-eabi/lib/thumb/v7e-m+fp/hard\libc_nano.a(libc_a-init.o)
                0x08006604                __libc_init_array
 .text.__retarget_lock_init_recursive
                0x0800664c        0x2 G:/Program Files (x86)/ST/STMCubeIDE_1.16.1/STM32CubeIDE_1.16.1/STM32CubeIDE/plugins/com.st.stm32cube.ide.mcu.externaltools.gnu-tools-for-stm32.12.3.rel1.win32_1.0.200.202406191623/tools/bin/../lib/gcc/arm-none-eabi/12.3.1/../../../../arm-none-eabi/lib/thumb/v7e-m+fp/hard\libc_nano.a(libc_a-lock.o)
                0x0800664c                __retarget_lock_init_recursive
 .text.__retarget_lock_acquire_recursive
                0x0800664e        0x2 G:/Program Files (x86)/ST/STMCubeIDE_1.16.1/STM32CubeIDE_1.16.1/STM32CubeIDE/plugins/com.st.stm32cube.ide.mcu.externaltools.gnu-tools-for-stm32.12.3.rel1.win32_1.0.200.202406191623/tools/bin/../lib/gcc/arm-none-eabi/12.3.1/../../../../arm-none-eabi/lib/thumb/v7e-m+fp/hard\libc_nano.a(libc_a-lock.o)
                0x0800664e                __retarget_lock_acquire_recursive
 .text.__retarget_lock_release_recursive
                0x08006650        0x2 G:/Program Files (x86)/ST/STMCubeIDE_1.16.1/STM32CubeIDE_1.16.1/STM32CubeIDE/plugins/com.st.stm32cube.ide.mcu.externaltools.gnu-tools-for-stm32.12.3.rel1.win32_1.0.200.202406191623/tools/bin/../lib/gcc/arm-none-eabi/12.3.1/../../../../arm-none-eabi/lib/thumb/v7e-m+fp/hard\libc_nano.a(libc_a-lock.o)
                0x08006650                __retarget_lock_release_recursive
 .text.quorem   0x08006652      0x110 G:/Program Files (x86)/ST/STMCubeIDE_1.16.1/STM32CubeIDE_1.16.1/STM32CubeIDE/plugins/com.st.stm32cube.ide.mcu.externaltools.gnu-tools-for-stm32.12.3.rel1.win32_1.0.200.202406191623/tools/bin/../lib/gcc/arm-none-eabi/12.3.1/../../../../arm-none-eabi/lib/thumb/v7e-m+fp/hard\libc_nano.a(libc_a-dtoa.o)
 *fill*         0x08006762        0x6 
 .text._dtoa_r  0x08006768      0xb88 G:/Program Files (x86)/ST/STMCubeIDE_1.16.1/STM32CubeIDE_1.16.1/STM32CubeIDE/plugins/com.st.stm32cube.ide.mcu.externaltools.gnu-tools-for-stm32.12.3.rel1.win32_1.0.200.202406191623/tools/bin/../lib/gcc/arm-none-eabi/12.3.1/../../../../arm-none-eabi/lib/thumb/v7e-m+fp/hard\libc_nano.a(libc_a-dtoa.o)
                0x08006768                _dtoa_r
 .text._free_r  0x080072f0       0x94 G:/Program Files (x86)/ST/STMCubeIDE_1.16.1/STM32CubeIDE_1.16.1/STM32CubeIDE/plugins/com.st.stm32cube.ide.mcu.externaltools.gnu-tools-for-stm32.12.3.rel1.win32_1.0.200.202406191623/tools/bin/../lib/gcc/arm-none-eabi/12.3.1/../../../../arm-none-eabi/lib/thumb/v7e-m+fp/hard\libc_nano.a(libc_a-freer.o)
                0x080072f0                _free_r
 .text.malloc   0x08007384       0x10 G:/Program Files (x86)/ST/STMCubeIDE_1.16.1/STM32CubeIDE_1.16.1/STM32CubeIDE/plugins/com.st.stm32cube.ide.mcu.externaltools.gnu-tools-for-stm32.12.3.rel1.win32_1.0.200.202406191623/tools/bin/../lib/gcc/arm-none-eabi/12.3.1/../../../../arm-none-eabi/lib/thumb/v7e-m+fp/hard\libc_nano.a(libc_a-malloc.o)
                0x08007384                malloc
 .text.sbrk_aligned
                0x08007394       0x44 G:/Program Files (x86)/ST/STMCubeIDE_1.16.1/STM32CubeIDE_1.16.1/STM32CubeIDE/plugins/com.st.stm32cube.ide.mcu.externaltools.gnu-tools-for-stm32.12.3.rel1.win32_1.0.200.202406191623/tools/bin/../lib/gcc/arm-none-eabi/12.3.1/../../../../arm-none-eabi/lib/thumb/v7e-m+fp/hard\libc_nano.a(libc_a-mallocr.o)
 .text._malloc_r
                0x080073d8      0x100 G:/Program Files (x86)/ST/STMCubeIDE_1.16.1/STM32CubeIDE_1.16.1/STM32CubeIDE/plugins/com.st.stm32cube.ide.mcu.externaltools.gnu-tools-for-stm32.12.3.rel1.win32_1.0.200.202406191623/tools/bin/../lib/gcc/arm-none-eabi/12.3.1/../../../../arm-none-eabi/lib/thumb/v7e-m+fp/hard\libc_nano.a(libc_a-mallocr.o)
                0x080073d8                _malloc_r
 .text.__malloc_lock
                0x080074d8        0xc G:/Program Files (x86)/ST/STMCubeIDE_1.16.1/STM32CubeIDE_1.16.1/STM32CubeIDE/plugins/com.st.stm32cube.ide.mcu.externaltools.gnu-tools-for-stm32.12.3.rel1.win32_1.0.200.202406191623/tools/bin/../lib/gcc/arm-none-eabi/12.3.1/../../../../arm-none-eabi/lib/thumb/v7e-m+fp/hard\libc_nano.a(libc_a-mlock.o)
                0x080074d8                __malloc_lock
 .text.__malloc_unlock
                0x080074e4        0xc G:/Program Files (x86)/ST/STMCubeIDE_1.16.1/STM32CubeIDE_1.16.1/STM32CubeIDE/plugins/com.st.stm32cube.ide.mcu.externaltools.gnu-tools-for-stm32.12.3.rel1.win32_1.0.200.202406191623/tools/bin/../lib/gcc/arm-none-eabi/12.3.1/../../../../arm-none-eabi/lib/thumb/v7e-m+fp/hard\libc_nano.a(libc_a-mlock.o)
                0x080074e4                __malloc_unlock
 .text._Balloc  0x080074f0       0x80 G:/Program Files (x86)/ST/STMCubeIDE_1.16.1/STM32CubeIDE_1.16.1/STM32CubeIDE/plugins/com.st.stm32cube.ide.mcu.externaltools.gnu-tools-for-stm32.12.3.rel1.win32_1.0.200.202406191623/tools/bin/../lib/gcc/arm-none-eabi/12.3.1/../../../../arm-none-eabi/lib/thumb/v7e-m+fp/hard\libc_nano.a(libc_a-mprec.o)
                0x080074f0                _Balloc
 .text._Bfree   0x08007570       0x44 G:/Program Files (x86)/ST/STMCubeIDE_1.16.1/STM32CubeIDE_1.16.1/STM32CubeIDE/plugins/com.st.stm32cube.ide.mcu.externaltools.gnu-tools-for-stm32.12.3.rel1.win32_1.0.200.202406191623/tools/bin/../lib/gcc/arm-none-eabi/12.3.1/../../../../arm-none-eabi/lib/thumb/v7e-m+fp/hard\libc_nano.a(libc_a-mprec.o)
                0x08007570                _Bfree
 .text.__multadd
                0x080075b4       0x8c G:/Program Files (x86)/ST/STMCubeIDE_1.16.1/STM32CubeIDE_1.16.1/STM32CubeIDE/plugins/com.st.stm32cube.ide.mcu.externaltools.gnu-tools-for-stm32.12.3.rel1.win32_1.0.200.202406191623/tools/bin/../lib/gcc/arm-none-eabi/12.3.1/../../../../arm-none-eabi/lib/thumb/v7e-m+fp/hard\libc_nano.a(libc_a-mprec.o)
                0x080075b4                __multadd
 .text.__hi0bits
                0x08007640       0x3e G:/Program Files (x86)/ST/STMCubeIDE_1.16.1/STM32CubeIDE_1.16.1/STM32CubeIDE/plugins/com.st.stm32cube.ide.mcu.externaltools.gnu-tools-for-stm32.12.3.rel1.win32_1.0.200.202406191623/tools/bin/../lib/gcc/arm-none-eabi/12.3.1/../../../../arm-none-eabi/lib/thumb/v7e-m+fp/hard\libc_nano.a(libc_a-mprec.o)
                0x08007640                __hi0bits
 .text.__lo0bits
                0x0800767e       0x5a G:/Program Files (x86)/ST/STMCubeIDE_1.16.1/STM32CubeIDE_1.16.1/STM32CubeIDE/plugins/com.st.stm32cube.ide.mcu.externaltools.gnu-tools-for-stm32.12.3.rel1.win32_1.0.200.202406191623/tools/bin/../lib/gcc/arm-none-eabi/12.3.1/../../../../arm-none-eabi/lib/thumb/v7e-m+fp/hard\libc_nano.a(libc_a-mprec.o)
                0x0800767e                __lo0bits
 .text.__i2b    0x080076d8       0x2c G:/Program Files (x86)/ST/STMCubeIDE_1.16.1/STM32CubeIDE_1.16.1/STM32CubeIDE/plugins/com.st.stm32cube.ide.mcu.externaltools.gnu-tools-for-stm32.12.3.rel1.win32_1.0.200.202406191623/tools/bin/../lib/gcc/arm-none-eabi/12.3.1/../../../../arm-none-eabi/lib/thumb/v7e-m+fp/hard\libc_nano.a(libc_a-mprec.o)
                0x080076d8                __i2b
 .text.__multiply
                0x08007704      0x154 G:/Program Files (x86)/ST/STMCubeIDE_1.16.1/STM32CubeIDE_1.16.1/STM32CubeIDE/plugins/com.st.stm32cube.ide.mcu.externaltools.gnu-tools-for-stm32.12.3.rel1.win32_1.0.200.202406191623/tools/bin/../lib/gcc/arm-none-eabi/12.3.1/../../../../arm-none-eabi/lib/thumb/v7e-m+fp/hard\libc_nano.a(libc_a-mprec.o)
                0x08007704                __multiply
 .text.__pow5mult
                0x08007858       0xb4 G:/Program Files (x86)/ST/STMCubeIDE_1.16.1/STM32CubeIDE_1.16.1/STM32CubeIDE/plugins/com.st.stm32cube.ide.mcu.externaltools.gnu-tools-for-stm32.12.3.rel1.win32_1.0.200.202406191623/tools/bin/../lib/gcc/arm-none-eabi/12.3.1/../../../../arm-none-eabi/lib/thumb/v7e-m+fp/hard\libc_nano.a(libc_a-mprec.o)
                0x08007858                __pow5mult
 .text.__lshift
                0x0800790c       0xd8 G:/Program Files (x86)/ST/STMCubeIDE_1.16.1/STM32CubeIDE_1.16.1/STM32CubeIDE/plugins/com.st.stm32cube.ide.mcu.externaltools.gnu-tools-for-stm32.12.3.rel1.win32_1.0.200.202406191623/tools/bin/../lib/gcc/arm-none-eabi/12.3.1/../../../../arm-none-eabi/lib/thumb/v7e-m+fp/hard\libc_nano.a(libc_a-mprec.o)
                0x0800790c                __lshift
 .text.__mcmp   0x080079e4       0x36 G:/Program Files (x86)/ST/STMCubeIDE_1.16.1/STM32CubeIDE_1.16.1/STM32CubeIDE/plugins/com.st.stm32cube.ide.mcu.externaltools.gnu-tools-for-stm32.12.3.rel1.win32_1.0.200.202406191623/tools/bin/../lib/gcc/arm-none-eabi/12.3.1/../../../../arm-none-eabi/lib/thumb/v7e-m+fp/hard\libc_nano.a(libc_a-mprec.o)
                0x080079e4                __mcmp
 *fill*         0x08007a1a        0x2 
 .text.__mdiff  0x08007a1c      0x128 G:/Program Files (x86)/ST/STMCubeIDE_1.16.1/STM32CubeIDE_1.16.1/STM32CubeIDE/plugins/com.st.stm32cube.ide.mcu.externaltools.gnu-tools-for-stm32.12.3.rel1.win32_1.0.200.202406191623/tools/bin/../lib/gcc/arm-none-eabi/12.3.1/../../../../arm-none-eabi/lib/thumb/v7e-m+fp/hard\libc_nano.a(libc_a-mprec.o)
                0x08007a1c                __mdiff
 .text.__d2b    0x08007b44       0xb0 G:/Program Files (x86)/ST/STMCubeIDE_1.16.1/STM32CubeIDE_1.16.1/STM32CubeIDE/plugins/com.st.stm32cube.ide.mcu.externaltools.gnu-tools-for-stm32.12.3.rel1.win32_1.0.200.202406191623/tools/bin/../lib/gcc/arm-none-eabi/12.3.1/../../../../arm-none-eabi/lib/thumb/v7e-m+fp/hard\libc_nano.a(libc_a-mprec.o)
                0x08007b44                __d2b
 .text.__ssputs_r
                0x08007bf4       0xb6 G:/Program Files (x86)/ST/STMCubeIDE_1.16.1/STM32CubeIDE_1.16.1/STM32CubeIDE/plugins/com.st.stm32cube.ide.mcu.externaltools.gnu-tools-for-stm32.12.3.rel1.win32_1.0.200.202406191623/tools/bin/../lib/gcc/arm-none-eabi/12.3.1/../../../../arm-none-eabi/lib/thumb/v7e-m+fp/hard\libc_nano.a(libc_a-nano-svfprintf.o)
                0x08007bf4                __ssputs_r
 *fill*         0x08007caa        0x2 
 .text._svfprintf_r
                0x08007cac      0x1f8 G:/Program Files (x86)/ST/STMCubeIDE_1.16.1/STM32CubeIDE_1.16.1/STM32CubeIDE/plugins/com.st.stm32cube.ide.mcu.externaltools.gnu-tools-for-stm32.12.3.rel1.win32_1.0.200.202406191623/tools/bin/../lib/gcc/arm-none-eabi/12.3.1/../../../../arm-none-eabi/lib/thumb/v7e-m+fp/hard\libc_nano.a(libc_a-nano-svfprintf.o)
                0x08007cac                _svfiprintf_r
                0x08007cac                _svfprintf_r
 .text.__sflush_r
                0x08007ea4      0x108 G:/Program Files (x86)/ST/STMCubeIDE_1.16.1/STM32CubeIDE_1.16.1/STM32CubeIDE/plugins/com.st.stm32cube.ide.mcu.externaltools.gnu-tools-for-stm32.12.3.rel1.win32_1.0.200.202406191623/tools/bin/../lib/gcc/arm-none-eabi/12.3.1/../../../../arm-none-eabi/lib/thumb/v7e-m+fp/hard\libc_nano.a(libc_a-fflush.o)
                0x08007ea4                __sflush_r
 .text._fflush_r
                0x08007fac       0x50 G:/Program Files (x86)/ST/STMCubeIDE_1.16.1/STM32CubeIDE_1.16.1/STM32CubeIDE/plugins/com.st.stm32cube.ide.mcu.externaltools.gnu-tools-for-stm32.12.3.rel1.win32_1.0.200.202406191623/tools/bin/../lib/gcc/arm-none-eabi/12.3.1/../../../../arm-none-eabi/lib/thumb/v7e-m+fp/hard\libc_nano.a(libc_a-fflush.o)
                0x08007fac                _fflush_r
 .text.memmove  0x08007ffc       0x34 G:/Program Files (x86)/ST/STMCubeIDE_1.16.1/STM32CubeIDE_1.16.1/STM32CubeIDE/plugins/com.st.stm32cube.ide.mcu.externaltools.gnu-tools-for-stm32.12.3.rel1.win32_1.0.200.202406191623/tools/bin/../lib/gcc/arm-none-eabi/12.3.1/../../../../arm-none-eabi/lib/thumb/v7e-m+fp/hard\libc_nano.a(libc_a-memmove.o)
                0x08007ffc                memmove
 .text._sbrk_r  0x08008030       0x20 G:/Program Files (x86)/ST/STMCubeIDE_1.16.1/STM32CubeIDE_1.16.1/STM32CubeIDE/plugins/com.st.stm32cube.ide.mcu.externaltools.gnu-tools-for-stm32.12.3.rel1.win32_1.0.200.202406191623/tools/bin/../lib/gcc/arm-none-eabi/12.3.1/../../../../arm-none-eabi/lib/thumb/v7e-m+fp/hard\libc_nano.a(libc_a-sbrkr.o)
                0x08008030                _sbrk_r
 .text.memcpy   0x08008050       0x1c G:/Program Files (x86)/ST/STMCubeIDE_1.16.1/STM32CubeIDE_1.16.1/STM32CubeIDE/plugins/com.st.stm32cube.ide.mcu.externaltools.gnu-tools-for-stm32.12.3.rel1.win32_1.0.200.202406191623/tools/bin/../lib/gcc/arm-none-eabi/12.3.1/../../../../arm-none-eabi/lib/thumb/v7e-m+fp/hard\libc_nano.a(libc_a-memcpy-stub.o)
                0x08008050                memcpy
 .text.__assert_func
                0x0800806c       0x3c G:/Program Files (x86)/ST/STMCubeIDE_1.16.1/STM32CubeIDE_1.16.1/STM32CubeIDE/plugins/com.st.stm32cube.ide.mcu.externaltools.gnu-tools-for-stm32.12.3.rel1.win32_1.0.200.202406191623/tools/bin/../lib/gcc/arm-none-eabi/12.3.1/../../../../arm-none-eabi/lib/thumb/v7e-m+fp/hard\libc_nano.a(libc_a-assert.o)
                0x0800806c                __assert_func
 .text._calloc_r
                0x080080a8       0x28 G:/Program Files (x86)/ST/STMCubeIDE_1.16.1/STM32CubeIDE_1.16.1/STM32CubeIDE/plugins/com.st.stm32cube.ide.mcu.externaltools.gnu-tools-for-stm32.12.3.rel1.win32_1.0.200.202406191623/tools/bin/../lib/gcc/arm-none-eabi/12.3.1/../../../../arm-none-eabi/lib/thumb/v7e-m+fp/hard\libc_nano.a(libc_a-callocr.o)
                0x080080a8                _calloc_r
 .text.__ascii_mbtowc
                0x080080d0       0x24 G:/Program Files (x86)/ST/STMCubeIDE_1.16.1/STM32CubeIDE_1.16.1/STM32CubeIDE/plugins/com.st.stm32cube.ide.mcu.externaltools.gnu-tools-for-stm32.12.3.rel1.win32_1.0.200.202406191623/tools/bin/../lib/gcc/arm-none-eabi/12.3.1/../../../../arm-none-eabi/lib/thumb/v7e-m+fp/hard\libc_nano.a(libc_a-mbtowc_r.o)
                0x080080d0                __ascii_mbtowc
 .text._realloc_r
                0x080080f4       0x5c G:/Program Files (x86)/ST/STMCubeIDE_1.16.1/STM32CubeIDE_1.16.1/STM32CubeIDE/plugins/com.st.stm32cube.ide.mcu.externaltools.gnu-tools-for-stm32.12.3.rel1.win32_1.0.200.202406191623/tools/bin/../lib/gcc/arm-none-eabi/12.3.1/../../../../arm-none-eabi/lib/thumb/v7e-m+fp/hard\libc_nano.a(libc_a-reallocr.o)
                0x080080f4                _realloc_r
 .text.__ascii_wctomb
                0x08008150       0x1a G:/Program Files (x86)/ST/STMCubeIDE_1.16.1/STM32CubeIDE_1.16.1/STM32CubeIDE/plugins/com.st.stm32cube.ide.mcu.externaltools.gnu-tools-for-stm32.12.3.rel1.win32_1.0.200.202406191623/tools/bin/../lib/gcc/arm-none-eabi/12.3.1/../../../../arm-none-eabi/lib/thumb/v7e-m+fp/hard\libc_nano.a(libc_a-wctomb_r.o)
                0x08008150                __ascii_wctomb
 *fill*         0x0800816a        0x2 
 .text.fprintf  0x0800816c       0x24 G:/Program Files (x86)/ST/STMCubeIDE_1.16.1/STM32CubeIDE_1.16.1/STM32CubeIDE/plugins/com.st.stm32cube.ide.mcu.externaltools.gnu-tools-for-stm32.12.3.rel1.win32_1.0.200.202406191623/tools/bin/../lib/gcc/arm-none-eabi/12.3.1/../../../../arm-none-eabi/lib/thumb/v7e-m+fp/hard\libc_nano.a(libc_a-fprintf.o)
                0x0800816c                fiprintf
                0x0800816c                fprintf
 .text.abort    0x08008190        0xe G:/Program Files (x86)/ST/STMCubeIDE_1.16.1/STM32CubeIDE_1.16.1/STM32CubeIDE/plugins/com.st.stm32cube.ide.mcu.externaltools.gnu-tools-for-stm32.12.3.rel1.win32_1.0.200.202406191623/tools/bin/../lib/gcc/arm-none-eabi/12.3.1/../../../../arm-none-eabi/lib/thumb/v7e-m+fp/hard\libc_nano.a(libc_a-abort.o)
                0x08008190                abort
 .text._malloc_usable_size_r
                0x0800819e       0x10 G:/Program Files (x86)/ST/STMCubeIDE_1.16.1/STM32CubeIDE_1.16.1/STM32CubeIDE/plugins/com.st.stm32cube.ide.mcu.externaltools.gnu-tools-for-stm32.12.3.rel1.win32_1.0.200.202406191623/tools/bin/../lib/gcc/arm-none-eabi/12.3.1/../../../../arm-none-eabi/lib/thumb/v7e-m+fp/hard\libc_nano.a(libc_a-msizer.o)
                0x0800819e                _malloc_usable_size_r
 .text.__sfputc_r
                0x080081ae       0x2e G:/Program Files (x86)/ST/STMCubeIDE_1.16.1/STM32CubeIDE_1.16.1/STM32CubeIDE/plugins/com.st.stm32cube.ide.mcu.externaltools.gnu-tools-for-stm32.12.3.rel1.win32_1.0.200.202406191623/tools/bin/../lib/gcc/arm-none-eabi/12.3.1/../../../../arm-none-eabi/lib/thumb/v7e-m+fp/hard\libc_nano.a(libc_a-nano-vfprintf.o)
 .text.__sfputs_r
                0x080081dc       0x24 G:/Program Files (x86)/ST/STMCubeIDE_1.16.1/STM32CubeIDE_1.16.1/STM32CubeIDE/plugins/com.st.stm32cube.ide.mcu.externaltools.gnu-tools-for-stm32.12.3.rel1.win32_1.0.200.202406191623/tools/bin/../lib/gcc/arm-none-eabi/12.3.1/../../../../arm-none-eabi/lib/thumb/v7e-m+fp/hard\libc_nano.a(libc_a-nano-vfprintf.o)
                0x080081dc                __sfputs_r
 .text._vfprintf_r
                0x08008200      0x230 G:/Program Files (x86)/ST/STMCubeIDE_1.16.1/STM32CubeIDE_1.16.1/STM32CubeIDE/plugins/com.st.stm32cube.ide.mcu.externaltools.gnu-tools-for-stm32.12.3.rel1.win32_1.0.200.202406191623/tools/bin/../lib/gcc/arm-none-eabi/12.3.1/../../../../arm-none-eabi/lib/thumb/v7e-m+fp/hard\libc_nano.a(libc_a-nano-vfprintf.o)
                0x08008200                _vfprintf_r
                0x08008200                _vfiprintf_r
 .text.__swbuf_r
                0x08008430       0x7c G:/Program Files (x86)/ST/STMCubeIDE_1.16.1/STM32CubeIDE_1.16.1/STM32CubeIDE/plugins/com.st.stm32cube.ide.mcu.externaltools.gnu-tools-for-stm32.12.3.rel1.win32_1.0.200.202406191623/tools/bin/../lib/gcc/arm-none-eabi/12.3.1/../../../../arm-none-eabi/lib/thumb/v7e-m+fp/hard\libc_nano.a(libc_a-wbuf.o)
                0x08008430                __swbuf_r
 .text.__swsetup_r
                0x080084ac       0xac G:/Program Files (x86)/ST/STMCubeIDE_1.16.1/STM32CubeIDE_1.16.1/STM32CubeIDE/plugins/com.st.stm32cube.ide.mcu.externaltools.gnu-tools-for-stm32.12.3.rel1.win32_1.0.200.202406191623/tools/bin/../lib/gcc/arm-none-eabi/12.3.1/../../../../arm-none-eabi/lib/thumb/v7e-m+fp/hard\libc_nano.a(libc_a-wsetup.o)
                0x080084ac                __swsetup_r
 .text._raise_r
                0x08008558       0x50 G:/Program Files (x86)/ST/STMCubeIDE_1.16.1/STM32CubeIDE_1.16.1/STM32CubeIDE/plugins/com.st.stm32cube.ide.mcu.externaltools.gnu-tools-for-stm32.12.3.rel1.win32_1.0.200.202406191623/tools/bin/../lib/gcc/arm-none-eabi/12.3.1/../../../../arm-none-eabi/lib/thumb/v7e-m+fp/hard\libc_nano.a(libc_a-signal.o)
                0x08008558                _raise_r
 .text.raise    0x080085a8       0x10 G:/Program Files (x86)/ST/STMCubeIDE_1.16.1/STM32CubeIDE_1.16.1/STM32CubeIDE/plugins/com.st.stm32cube.ide.mcu.externaltools.gnu-tools-for-stm32.12.3.rel1.win32_1.0.200.202406191623/tools/bin/../lib/gcc/arm-none-eabi/12.3.1/../../../../arm-none-eabi/lib/thumb/v7e-m+fp/hard\libc_nano.a(libc_a-signal.o)
                0x080085a8                raise
 .text._kill_r  0x080085b8       0x24 G:/Program Files (x86)/ST/STMCubeIDE_1.16.1/STM32CubeIDE_1.16.1/STM32CubeIDE/plugins/com.st.stm32cube.ide.mcu.externaltools.gnu-tools-for-stm32.12.3.rel1.win32_1.0.200.202406191623/tools/bin/../lib/gcc/arm-none-eabi/12.3.1/../../../../arm-none-eabi/lib/thumb/v7e-m+fp/hard\libc_nano.a(libc_a-signalr.o)
                0x080085b8                _kill_r
 .text._getpid_r
                0x080085dc        0x4 G:/Program Files (x86)/ST/STMCubeIDE_1.16.1/STM32CubeIDE_1.16.1/STM32CubeIDE/plugins/com.st.stm32cube.ide.mcu.externaltools.gnu-tools-for-stm32.12.3.rel1.win32_1.0.200.202406191623/tools/bin/../lib/gcc/arm-none-eabi/12.3.1/../../../../arm-none-eabi/lib/thumb/v7e-m+fp/hard\libc_nano.a(libc_a-signalr.o)
                0x080085dc                _getpid_r
 .text.__swhatbuf_r
                0x080085e0       0x4c G:/Program Files (x86)/ST/STMCubeIDE_1.16.1/STM32CubeIDE_1.16.1/STM32CubeIDE/plugins/com.st.stm32cube.ide.mcu.externaltools.gnu-tools-for-stm32.12.3.rel1.win32_1.0.200.202406191623/tools/bin/../lib/gcc/arm-none-eabi/12.3.1/../../../../arm-none-eabi/lib/thumb/v7e-m+fp/hard\libc_nano.a(libc_a-makebuf.o)
                0x080085e0                __swhatbuf_r
 .text.__smakebuf_r
                0x0800862c       0x78 G:/Program Files (x86)/ST/STMCubeIDE_1.16.1/STM32CubeIDE_1.16.1/STM32CubeIDE/plugins/com.st.stm32cube.ide.mcu.externaltools.gnu-tools-for-stm32.12.3.rel1.win32_1.0.200.202406191623/tools/bin/../lib/gcc/arm-none-eabi/12.3.1/../../../../arm-none-eabi/lib/thumb/v7e-m+fp/hard\libc_nano.a(libc_a-makebuf.o)
                0x0800862c                __smakebuf_r
 .text._fstat_r
                0x080086a4       0x24 G:/Program Files (x86)/ST/STMCubeIDE_1.16.1/STM32CubeIDE_1.16.1/STM32CubeIDE/plugins/com.st.stm32cube.ide.mcu.externaltools.gnu-tools-for-stm32.12.3.rel1.win32_1.0.200.202406191623/tools/bin/../lib/gcc/arm-none-eabi/12.3.1/../../../../arm-none-eabi/lib/thumb/v7e-m+fp/hard\libc_nano.a(libc_a-fstatr.o)
                0x080086a4                _fstat_r
 .text._isatty_r
                0x080086c8       0x20 G:/Program Files (x86)/ST/STMCubeIDE_1.16.1/STM32CubeIDE_1.16.1/STM32CubeIDE/plugins/com.st.stm32cube.ide.mcu.externaltools.gnu-tools-for-stm32.12.3.rel1.win32_1.0.200.202406191623/tools/bin/../lib/gcc/arm-none-eabi/12.3.1/../../../../arm-none-eabi/lib/thumb/v7e-m+fp/hard\libc_nano.a(libc_a-isattyr.o)
                0x080086c8                _isatty_r
 *(.glue_7)
 .glue_7        0x080086e8        0x0 linker stubs
 *(.glue_7t)
 .glue_7t       0x080086e8        0x0 linker stubs
 *(.eh_frame)
 .eh_frame      0x080086e8        0x0 G:/Program Files (x86)/ST/STMCubeIDE_1.16.1/STM32CubeIDE_1.16.1/STM32CubeIDE/plugins/com.st.stm32cube.ide.mcu.externaltools.gnu-tools-for-stm32.12.3.rel1.win32_1.0.200.202406191623/tools/bin/../lib/gcc/arm-none-eabi/12.3.1/thumb/v7e-m+fp/hard/crtbegin.o
 *(.init)
 .init          0x080086e8        0x4 G:/Program Files (x86)/ST/STMCubeIDE_1.16.1/STM32CubeIDE_1.16.1/STM32CubeIDE/plugins/com.st.stm32cube.ide.mcu.externaltools.gnu-tools-for-stm32.12.3.rel1.win32_1.0.200.202406191623/tools/bin/../lib/gcc/arm-none-eabi/12.3.1/thumb/v7e-m+fp/hard/crti.o
                0x080086e8                _init
 .init          0x080086ec        0x8 G:/Program Files (x86)/ST/STMCubeIDE_1.16.1/STM32CubeIDE_1.16.1/STM32CubeIDE/plugins/com.st.stm32cube.ide.mcu.externaltools.gnu-tools-for-stm32.12.3.rel1.win32_1.0.200.202406191623/tools/bin/../lib/gcc/arm-none-eabi/12.3.1/thumb/v7e-m+fp/hard/crtn.o
 *(.fini)
 .fini          0x080086f4        0x4 G:/Program Files (x86)/ST/STMCubeIDE_1.16.1/STM32CubeIDE_1.16.1/STM32CubeIDE/plugins/com.st.stm32cube.ide.mcu.externaltools.gnu-tools-for-stm32.12.3.rel1.win32_1.0.200.202406191623/tools/bin/../lib/gcc/arm-none-eabi/12.3.1/thumb/v7e-m+fp/hard/crti.o
                0x080086f4                _fini
 .fini          0x080086f8        0x8 G:/Program Files (x86)/ST/STMCubeIDE_1.16.1/STM32CubeIDE_1.16.1/STM32CubeIDE/plugins/com.st.stm32cube.ide.mcu.externaltools.gnu-tools-for-stm32.12.3.rel1.win32_1.0.200.202406191623/tools/bin/../lib/gcc/arm-none-eabi/12.3.1/thumb/v7e-m+fp/hard/crtn.o
                0x08008700                        . = ALIGN (0x4)
                0x08008700                        _etext = .

.vfp11_veneer   0x08008700        0x0
 .vfp11_veneer  0x08008700        0x0 linker stubs

.v4_bx          0x08008700        0x0
 .v4_bx         0x08008700        0x0 linker stubs

.iplt           0x08008700        0x0
 .iplt          0x08008700        0x0 G:/Program Files (x86)/ST/STMCubeIDE_1.16.1/STM32CubeIDE_1.16.1/STM32CubeIDE/plugins/com.st.stm32cube.ide.mcu.externaltools.gnu-tools-for-stm32.12.3.rel1.win32_1.0.200.202406191623/tools/bin/../lib/gcc/arm-none-eabi/12.3.1/thumb/v7e-m+fp/hard/crtbegin.o

.rodata         0x08008700      0x470
                0x08008700                        . = ALIGN (0x4)
 *(.rodata)
 .rodata        0x08008700       0xe1 ./Core/Src/main.o
 *(.rodata*)
 *fill*         0x080087e1        0x3 
 .rodata.AHBPrescTable
                0x080087e4       0x10 ./Core/Src/system_stm32f4xx.o
                0x080087e4                AHBPrescTable
 .rodata.APBPrescTable
                0x080087f4        0x8 ./Core/Src/system_stm32f4xx.o
                0x080087f4                APBPrescTable
 .rodata._printf_float.str1.1
                0x080087fc       0x12 G:/Program Files (x86)/ST/STMCubeIDE_1.16.1/STM32CubeIDE_1.16.1/STM32CubeIDE/plugins/com.st.stm32cube.ide.mcu.externaltools.gnu-tools-for-stm32.12.3.rel1.win32_1.0.200.202406191623/tools/bin/../lib/gcc/arm-none-eabi/12.3.1/../../../../arm-none-eabi/lib/thumb/v7e-m+fp/hard\libc_nano.a(libc_a-nano-vfprintf_float.o)
 .rodata._printf_i.str1.1
                0x0800880e       0x22 G:/Program Files (x86)/ST/STMCubeIDE_1.16.1/STM32CubeIDE_1.16.1/STM32CubeIDE/plugins/com.st.stm32cube.ide.mcu.externaltools.gnu-tools-for-stm32.12.3.rel1.win32_1.0.200.202406191623/tools/bin/../lib/gcc/arm-none-eabi/12.3.1/../../../../arm-none-eabi/lib/thumb/v7e-m+fp/hard\libc_nano.a(libc_a-nano-vfprintf_i.o)
 .rodata._dtoa_r.str1.1
                0x08008830       0x8d G:/Program Files (x86)/ST/STMCubeIDE_1.16.1/STM32CubeIDE_1.16.1/STM32CubeIDE/plugins/com.st.stm32cube.ide.mcu.externaltools.gnu-tools-for-stm32.12.3.rel1.win32_1.0.200.202406191623/tools/bin/../lib/gcc/arm-none-eabi/12.3.1/../../../../arm-none-eabi/lib/thumb/v7e-m+fp/hard\libc_nano.a(libc_a-dtoa.o)
                                 0x8f (size before relaxing)
 .rodata._Balloc.str1.1
                0x080088bd       0x59 G:/Program Files (x86)/ST/STMCubeIDE_1.16.1/STM32CubeIDE_1.16.1/STM32CubeIDE/plugins/com.st.stm32cube.ide.mcu.externaltools.gnu-tools-for-stm32.12.3.rel1.win32_1.0.200.202406191623/tools/bin/../lib/gcc/arm-none-eabi/12.3.1/../../../../arm-none-eabi/lib/thumb/v7e-m+fp/hard\libc_nano.a(libc_a-mprec.o)
                                 0x70 (size before relaxing)
 .rodata.__multadd.str1.1
                0x08008916       0x11 G:/Program Files (x86)/ST/STMCubeIDE_1.16.1/STM32CubeIDE_1.16.1/STM32CubeIDE/plugins/com.st.stm32cube.ide.mcu.externaltools.gnu-tools-for-stm32.12.3.rel1.win32_1.0.200.202406191623/tools/bin/../lib/gcc/arm-none-eabi/12.3.1/../../../../arm-none-eabi/lib/thumb/v7e-m+fp/hard\libc_nano.a(libc_a-mprec.o)
 *fill*         0x08008916        0x2 
 .rodata.p05.0  0x08008918        0xc G:/Program Files (x86)/ST/STMCubeIDE_1.16.1/STM32CubeIDE_1.16.1/STM32CubeIDE/plugins/com.st.stm32cube.ide.mcu.externaltools.gnu-tools-for-stm32.12.3.rel1.win32_1.0.200.202406191623/tools/bin/../lib/gcc/arm-none-eabi/12.3.1/../../../../arm-none-eabi/lib/thumb/v7e-m+fp/hard\libc_nano.a(libc_a-mprec.o)
 *fill*         0x08008924        0x4 
 .rodata.__mprec_bigtens
                0x08008928       0x28 G:/Program Files (x86)/ST/STMCubeIDE_1.16.1/STM32CubeIDE_1.16.1/STM32CubeIDE/plugins/com.st.stm32cube.ide.mcu.externaltools.gnu-tools-for-stm32.12.3.rel1.win32_1.0.200.202406191623/tools/bin/../lib/gcc/arm-none-eabi/12.3.1/../../../../arm-none-eabi/lib/thumb/v7e-m+fp/hard\libc_nano.a(libc_a-mprec.o)
                0x08008928                __mprec_bigtens
 .rodata.__mprec_tens
                0x08008950       0xc8 G:/Program Files (x86)/ST/STMCubeIDE_1.16.1/STM32CubeIDE_1.16.1/STM32CubeIDE/plugins/com.st.stm32cube.ide.mcu.externaltools.gnu-tools-for-stm32.12.3.rel1.win32_1.0.200.202406191623/tools/bin/../lib/gcc/arm-none-eabi/12.3.1/../../../../arm-none-eabi/lib/thumb/v7e-m+fp/hard\libc_nano.a(libc_a-mprec.o)
                0x08008950                __mprec_tens
 .rodata._svfprintf_r.str1.1
                0x08008a18       0x11 G:/Program Files (x86)/ST/STMCubeIDE_1.16.1/STM32CubeIDE_1.16.1/STM32CubeIDE/plugins/com.st.stm32cube.ide.mcu.externaltools.gnu-tools-for-stm32.12.3.rel1.win32_1.0.200.202406191623/tools/bin/../lib/gcc/arm-none-eabi/12.3.1/../../../../arm-none-eabi/lib/thumb/v7e-m+fp/hard\libc_nano.a(libc_a-nano-svfprintf.o)
 .rodata._setlocale_r.str1.1
                0x08008a29        0x8 G:/Program Files (x86)/ST/STMCubeIDE_1.16.1/STM32CubeIDE_1.16.1/STM32CubeIDE/plugins/com.st.stm32cube.ide.mcu.externaltools.gnu-tools-for-stm32.12.3.rel1.win32_1.0.200.202406191623/tools/bin/../lib/gcc/arm-none-eabi/12.3.1/../../../../arm-none-eabi/lib/thumb/v7e-m+fp/hard\libc_nano.a(libc_a-locale.o)
                                  0x9 (size before relaxing)
 .rodata.str1.1
                0x08008a31        0x2 G:/Program Files (x86)/ST/STMCubeIDE_1.16.1/STM32CubeIDE_1.16.1/STM32CubeIDE/plugins/com.st.stm32cube.ide.mcu.externaltools.gnu-tools-for-stm32.12.3.rel1.win32_1.0.200.202406191623/tools/bin/../lib/gcc/arm-none-eabi/12.3.1/../../../../arm-none-eabi/lib/thumb/v7e-m+fp/hard\libc_nano.a(libc_a-locale.o)
 .rodata.__assert_func.str1.1
                0x08008a33       0x3c G:/Program Files (x86)/ST/STMCubeIDE_1.16.1/STM32CubeIDE_1.16.1/STM32CubeIDE/plugins/com.st.stm32cube.ide.mcu.externaltools.gnu-tools-for-stm32.12.3.rel1.win32_1.0.200.202406191623/tools/bin/../lib/gcc/arm-none-eabi/12.3.1/../../../../arm-none-eabi/lib/thumb/v7e-m+fp/hard\libc_nano.a(libc_a-assert.o)
                                 0x3d (size before relaxing)
 .rodata._ctype_
                0x08008a6f      0x101 G:/Program Files (x86)/ST/STMCubeIDE_1.16.1/STM32CubeIDE_1.16.1/STM32CubeIDE/plugins/com.st.stm32cube.ide.mcu.externaltools.gnu-tools-for-stm32.12.3.rel1.win32_1.0.200.202406191623/tools/bin/../lib/gcc/arm-none-eabi/12.3.1/../../../../arm-none-eabi/lib/thumb/v7e-m+fp/hard\libc_nano.a(libc_a-ctype_.o)
                0x08008a6f                _ctype_
 .rodata._vfprintf_r.str1.1
                0x08008b70       0x11 G:/Program Files (x86)/ST/STMCubeIDE_1.16.1/STM32CubeIDE_1.16.1/STM32CubeIDE/plugins/com.st.stm32cube.ide.mcu.externaltools.gnu-tools-for-stm32.12.3.rel1.win32_1.0.200.202406191623/tools/bin/../lib/gcc/arm-none-eabi/12.3.1/../../../../arm-none-eabi/lib/thumb/v7e-m+fp/hard\libc_nano.a(libc_a-nano-vfprintf.o)
                0x08008b84                        . = ALIGN (0x4)

.ARM.extab      0x08008b70        0x0
                0x08008b70                        . = ALIGN (0x4)
 *(.ARM.extab* .gnu.linkonce.armextab.*)
                0x08008b70                        . = ALIGN (0x4)

.ARM            0x08008b70        0x8
                0x08008b70                        . = ALIGN (0x4)
                0x08008b70                        __exidx_start = .
 *(.ARM.exidx*)
 .ARM.exidx     0x08008b70        0x8 G:/Program Files (x86)/ST/STMCubeIDE_1.16.1/STM32CubeIDE_1.16.1/STM32CubeIDE/plugins/com.st.stm32cube.ide.mcu.externaltools.gnu-tools-for-stm32.12.3.rel1.win32_1.0.200.202406191623/tools/bin/../lib/gcc/arm-none-eabi/12.3.1/../../../../arm-none-eabi/lib/thumb/v7e-m+fp/hard\libc_nano.a(libc_a-memchr.o)
 .ARM.exidx     0x08008b78        0x0 G:/Program Files (x86)/ST/STMCubeIDE_1.16.1/STM32CubeIDE_1.16.1/STM32CubeIDE/plugins/com.st.stm32cube.ide.mcu.externaltools.gnu-tools-for-stm32.12.3.rel1.win32_1.0.200.202406191623/tools/bin/../lib/gcc/arm-none-eabi/12.3.1/../../../../arm-none-eabi/lib/thumb/v7e-m+fp/hard\libc_nano.a(libc_a-strlen.o)
                                  0x8 (size before relaxing)
 .ARM.exidx     0x08008b78        0x0 G:/Program Files (x86)/ST/STMCubeIDE_1.16.1/STM32CubeIDE_1.16.1/STM32CubeIDE/plugins/com.st.stm32cube.ide.mcu.externaltools.gnu-tools-for-stm32.12.3.rel1.win32_1.0.200.202406191623/tools/bin/../lib/gcc/arm-none-eabi/12.3.1/thumb/v7e-m+fp/hard\libgcc.a(_udivmoddi4.o)
                                  0x8 (size before relaxing)
                0x08008b78                        __exidx_end = .
                0x08008b78                        . = ALIGN (0x4)

.preinit_array  0x08008b78        0x0
                0x08008b78                        . = ALIGN (0x4)
                0x08008b78                        PROVIDE (__preinit_array_start = .)
 *(.preinit_array*)
                0x08008b78                        PROVIDE (__preinit_array_end = .)
                0x08008b78                        . = ALIGN (0x4)

.init_array     0x08008b78        0x4
                0x08008b78                        . = ALIGN (0x4)
                0x08008b78                        PROVIDE (__init_array_start = .)
 *(SORT_BY_NAME(.init_array.*))
 *(.init_array*)
 .init_array    0x08008b78        0x4 G:/Program Files (x86)/ST/STMCubeIDE_1.16.1/STM32CubeIDE_1.16.1/STM32CubeIDE/plugins/com.st.stm32cube.ide.mcu.externaltools.gnu-tools-for-stm32.12.3.rel1.win32_1.0.200.202406191623/tools/bin/../lib/gcc/arm-none-eabi/12.3.1/thumb/v7e-m+fp/hard/crtbegin.o
                0x08008b7c                        PROVIDE (__init_array_end = .)
                0x08008b7c                        . = ALIGN (0x4)

.fini_array     0x08008b7c        0x4
                0x08008b7c                        . = ALIGN (0x4)
                [!provide]                        PROVIDE (__fini_array_start = .)
 *(SORT_BY_NAME(.fini_array.*))
 *(.fini_array*)
 .fini_array    0x08008b7c        0x4 G:/Program Files (x86)/ST/STMCubeIDE_1.16.1/STM32CubeIDE_1.16.1/STM32CubeIDE/plugins/com.st.stm32cube.ide.mcu.externaltools.gnu-tools-for-stm32.12.3.rel1.win32_1.0.200.202406191623/tools/bin/../lib/gcc/arm-none-eabi/12.3.1/thumb/v7e-m+fp/hard/crtbegin.o
                [!provide]                        PROVIDE (__fini_array_end = .)
                0x08008b80                        . = ALIGN (0x4)
                0x08008b80                        _sidata = LOADADDR (.data)

.rel.dyn        0x08008b80        0x0
 .rel.iplt      0x08008b80        0x0 G:/Program Files (x86)/ST/STMCubeIDE_1.16.1/STM32CubeIDE_1.16.1/STM32CubeIDE/plugins/com.st.stm32cube.ide.mcu.externaltools.gnu-tools-for-stm32.12.3.rel1.win32_1.0.200.202406191623/tools/bin/../lib/gcc/arm-none-eabi/12.3.1/thumb/v7e-m+fp/hard/crtbegin.o

.data           0x20000000      0x1e0 load address 0x08008b80
                0x20000000                        . = ALIGN (0x4)
                0x20000000                        _sdata = .
 *(.data)
 *(.data*)
 .data.TempSetpoint
                0x20000000        0x8 ./Core/Src/main.o
                0x20000000                TempSetpoint
 .data.Menu     0x20000008        0x1 ./Core/Src/main.o
                0x20000008                Menu
 *fill*         0x20000009        0x3 
 .data.SystemCoreClock
                0x2000000c        0x4 ./Core/Src/system_stm32f4xx.o
                0x2000000c                SystemCoreClock
 .data.uwTickPrio
                0x20000010        0x4 ./Drivers/STM32F4xx_HAL_Driver/Src/stm32f4xx_hal.o
                0x20000010                uwTickPrio
 .data.uwTickFreq
                0x20000014        0x1 ./Drivers/STM32F4xx_HAL_Driver/Src/stm32f4xx_hal.o
                0x20000014                uwTickFreq
 *fill*         0x20000015        0x3 
 .data.__sglue  0x20000018        0xc G:/Program Files (x86)/ST/STMCubeIDE_1.16.1/STM32CubeIDE_1.16.1/STM32CubeIDE/plugins/com.st.stm32cube.ide.mcu.externaltools.gnu-tools-for-stm32.12.3.rel1.win32_1.0.200.202406191623/tools/bin/../lib/gcc/arm-none-eabi/12.3.1/../../../../arm-none-eabi/lib/thumb/v7e-m+fp/hard\libc_nano.a(libc_a-findfp.o)
                0x20000018                __sglue
 .data._impure_ptr
                0x20000024        0x4 G:/Program Files (x86)/ST/STMCubeIDE_1.16.1/STM32CubeIDE_1.16.1/STM32CubeIDE/plugins/com.st.stm32cube.ide.mcu.externaltools.gnu-tools-for-stm32.12.3.rel1.win32_1.0.200.202406191623/tools/bin/../lib/gcc/arm-none-eabi/12.3.1/../../../../arm-none-eabi/lib/thumb/v7e-m+fp/hard\libc_nano.a(libc_a-impure.o)
                0x20000024                _impure_ptr
 .data._impure_data
                0x20000028       0x4c G:/Program Files (x86)/ST/STMCubeIDE_1.16.1/STM32CubeIDE_1.16.1/STM32CubeIDE/plugins/com.st.stm32cube.ide.mcu.externaltools.gnu-tools-for-stm32.12.3.rel1.win32_1.0.200.202406191623/tools/bin/../lib/gcc/arm-none-eabi/12.3.1/../../../../arm-none-eabi/lib/thumb/v7e-m+fp/hard\libc_nano.a(libc_a-impure.o)
                0x20000028                _impure_data
 .data.__global_locale
                0x20000074      0x16c G:/Program Files (x86)/ST/STMCubeIDE_1.16.1/STM32CubeIDE_1.16.1/STM32CubeIDE/plugins/com.st.stm32cube.ide.mcu.externaltools.gnu-tools-for-stm32.12.3.rel1.win32_1.0.200.202406191623/tools/bin/../lib/gcc/arm-none-eabi/12.3.1/../../../../arm-none-eabi/lib/thumb/v7e-m+fp/hard\libc_nano.a(libc_a-locale.o)
                0x20000074                __global_locale
 *(.RamFunc)
 *(.RamFunc*)
                0x200001e0                        . = ALIGN (0x4)
                0x200001e0                        _edata = .

.igot.plt       0x200001e0        0x0 load address 0x08008d60
 .igot.plt      0x200001e0        0x0 G:/Program Files (x86)/ST/STMCubeIDE_1.16.1/STM32CubeIDE_1.16.1/STM32CubeIDE/plugins/com.st.stm32cube.ide.mcu.externaltools.gnu-tools-for-stm32.12.3.rel1.win32_1.0.200.202406191623/tools/bin/../lib/gcc/arm-none-eabi/12.3.1/thumb/v7e-m+fp/hard/crtbegin.o
                0x200001e0                        . = ALIGN (0x4)

.bss            0x200001e0      0x380 load address 0x08008d60
                0x200001e0                        _sbss = .
                0x200001e0                        __bss_start__ = _sbss
 *(.bss)
 .bss           0x200001e0       0x1c G:/Program Files (x86)/ST/STMCubeIDE_1.16.1/STM32CubeIDE_1.16.1/STM32CubeIDE/plugins/com.st.stm32cube.ide.mcu.externaltools.gnu-tools-for-stm32.12.3.rel1.win32_1.0.200.202406191623/tools/bin/../lib/gcc/arm-none-eabi/12.3.1/thumb/v7e-m+fp/hard/crtbegin.o
 *(.bss*)
 .bss.hi2c1     0x200001fc       0x54 ./Core/Src/i2c.o
                0x200001fc                hi2c1
 .bss.global_gpio_pin
                0x20000250        0x2 ./Core/Src/main.o
 .bss.clear     0x20000252        0x2 ./Core/Src/main.o
 .bss.Temp_byte1
                0x20000254        0x1 ./Core/Src/main.o
                0x20000254                Temp_byte1
 .bss.Temp_byte2
                0x20000255        0x1 ./Core/Src/main.o
                0x20000255                Temp_byte2
 .bss.TEMP      0x20000256        0x2 ./Core/Src/main.o
                0x20000256                TEMP
 .bss.Temperature
                0x20000258        0x4 ./Core/Src/main.o
                0x20000258                Temperature
 .bss.Presence  0x2000025c        0x1 ./Core/Src/main.o
                0x2000025c                Presence
 *fill*         0x2000025d        0x3 
 .bss.set       0x20000260        0x4 ./Core/Src/main.o
                0x20000260                set
 *fill*         0x20000264        0x4 
 .bss.TPID      0x20000268       0x70 ./Core/Src/main.o
                0x20000268                TPID
 .bss.Temp      0x200002d8        0x8 ./Core/Src/main.o
                0x200002d8                Temp
 .bss.PIDOut    0x200002e0        0x8 ./Core/Src/main.o
                0x200002e0                PIDOut
 .bss.P         0x200002e8        0x1 ./Core/Src/main.o
                0x200002e8                P
 .bss.I         0x200002e9        0x1 ./Core/Src/main.o
                0x200002e9                I
 .bss.D         0x200002ea        0x1 ./Core/Src/main.o
                0x200002ea                D
 *fill*         0x200002eb        0x1 
 .bss.__sbrk_heap_end
                0x200002ec        0x4 ./Core/Src/sysmem.o
 .bss.htim3     0x200002f0       0x48 ./Core/Src/tim.o
                0x200002f0                htim3
 .bss.htim6     0x20000338       0x48 ./Core/Src/tim.o
                0x20000338                htim6
 .bss.htim10    0x20000380       0x48 ./Core/Src/tim.o
                0x20000380                htim10
 .bss.huart2    0x200003c8       0x48 ./Core/Src/usart.o
                0x200003c8                huart2
 .bss.uwTick    0x20000410        0x4 ./Drivers/STM32F4xx_HAL_Driver/Src/stm32f4xx_hal.o
                0x20000410                uwTick
 .bss.__sf      0x20000414      0x138 G:/Program Files (x86)/ST/STMCubeIDE_1.16.1/STM32CubeIDE_1.16.1/STM32CubeIDE/plugins/com.st.stm32cube.ide.mcu.externaltools.gnu-tools-for-stm32.12.3.rel1.win32_1.0.200.202406191623/tools/bin/../lib/gcc/arm-none-eabi/12.3.1/../../../../arm-none-eabi/lib/thumb/v7e-m+fp/hard\libc_nano.a(libc_a-findfp.o)
                0x20000414                __sf
 .bss.__stdio_exit_handler
                0x2000054c        0x4 G:/Program Files (x86)/ST/STMCubeIDE_1.16.1/STM32CubeIDE_1.16.1/STM32CubeIDE/plugins/com.st.stm32cube.ide.mcu.externaltools.gnu-tools-for-stm32.12.3.rel1.win32_1.0.200.202406191623/tools/bin/../lib/gcc/arm-none-eabi/12.3.1/../../../../arm-none-eabi/lib/thumb/v7e-m+fp/hard\libc_nano.a(libc_a-findfp.o)
                0x2000054c                __stdio_exit_handler
 .bss.errno     0x20000550        0x4 G:/Program Files (x86)/ST/STMCubeIDE_1.16.1/STM32CubeIDE_1.16.1/STM32CubeIDE/plugins/com.st.stm32cube.ide.mcu.externaltools.gnu-tools-for-stm32.12.3.rel1.win32_1.0.200.202406191623/tools/bin/../lib/gcc/arm-none-eabi/12.3.1/../../../../arm-none-eabi/lib/thumb/v7e-m+fp/hard\libc_nano.a(libc_a-reent.o)
                0x20000550                errno
 .bss.__lock___malloc_recursive_mutex
                0x20000554        0x1 G:/Program Files (x86)/ST/STMCubeIDE_1.16.1/STM32CubeIDE_1.16.1/STM32CubeIDE/plugins/com.st.stm32cube.ide.mcu.externaltools.gnu-tools-for-stm32.12.3.rel1.win32_1.0.200.202406191623/tools/bin/../lib/gcc/arm-none-eabi/12.3.1/../../../../arm-none-eabi/lib/thumb/v7e-m+fp/hard\libc_nano.a(libc_a-lock.o)
                0x20000554                __lock___malloc_recursive_mutex
 .bss.__lock___sfp_recursive_mutex
                0x20000555        0x1 G:/Program Files (x86)/ST/STMCubeIDE_1.16.1/STM32CubeIDE_1.16.1/STM32CubeIDE/plugins/com.st.stm32cube.ide.mcu.externaltools.gnu-tools-for-stm32.12.3.rel1.win32_1.0.200.202406191623/tools/bin/../lib/gcc/arm-none-eabi/12.3.1/../../../../arm-none-eabi/lib/thumb/v7e-m+fp/hard\libc_nano.a(libc_a-lock.o)
                0x20000555                __lock___sfp_recursive_mutex
 *fill*         0x20000556        0x2 
 .bss.__malloc_sbrk_start
                0x20000558        0x4 G:/Program Files (x86)/ST/STMCubeIDE_1.16.1/STM32CubeIDE_1.16.1/STM32CubeIDE/plugins/com.st.stm32cube.ide.mcu.externaltools.gnu-tools-for-stm32.12.3.rel1.win32_1.0.200.202406191623/tools/bin/../lib/gcc/arm-none-eabi/12.3.1/../../../../arm-none-eabi/lib/thumb/v7e-m+fp/hard\libc_nano.a(libc_a-mallocr.o)
                0x20000558                __malloc_sbrk_start
 .bss.__malloc_free_list
                0x2000055c        0x4 G:/Program Files (x86)/ST/STMCubeIDE_1.16.1/STM32CubeIDE_1.16.1/STM32CubeIDE/plugins/com.st.stm32cube.ide.mcu.externaltools.gnu-tools-for-stm32.12.3.rel1.win32_1.0.200.202406191623/tools/bin/../lib/gcc/arm-none-eabi/12.3.1/../../../../arm-none-eabi/lib/thumb/v7e-m+fp/hard\libc_nano.a(libc_a-mallocr.o)
                0x2000055c                __malloc_free_list
 *(COMMON)
                0x20000560                        . = ALIGN (0x4)
                0x20000560                        _ebss = .
                0x20000560                        __bss_end__ = _ebss

._user_heap_stack
                0x20000560      0x600 load address 0x08008d60
                0x20000560                        . = ALIGN (0x8)
                [!provide]                        PROVIDE (end = .)
                0x20000560                        PROVIDE (_end = .)
                0x20000760                        . = (. + _Min_Heap_Size)
 *fill*         0x20000560      0x200 
                0x20000b60                        . = (. + _Min_Stack_Size)
 *fill*         0x20000760      0x400 
                0x20000b60                        . = ALIGN (0x8)

/DISCARD/
 libc.a(*)
 libm.a(*)
 libgcc.a(*)

.ARM.attributes
                0x00000000       0x30
 *(.ARM.attributes)
 .ARM.attributes
                0x00000000       0x22 G:/Program Files (x86)/ST/STMCubeIDE_1.16.1/STM32CubeIDE_1.16.1/STM32CubeIDE/plugins/com.st.stm32cube.ide.mcu.externaltools.gnu-tools-for-stm32.12.3.rel1.win32_1.0.200.202406191623/tools/bin/../lib/gcc/arm-none-eabi/12.3.1/thumb/v7e-m+fp/hard/crti.o
 .ARM.attributes
                0x00000022       0x34 G:/Program Files (x86)/ST/STMCubeIDE_1.16.1/STM32CubeIDE_1.16.1/STM32CubeIDE/plugins/com.st.stm32cube.ide.mcu.externaltools.gnu-tools-for-stm32.12.3.rel1.win32_1.0.200.202406191623/tools/bin/../lib/gcc/arm-none-eabi/12.3.1/thumb/v7e-m+fp/hard/crtbegin.o
 .ARM.attributes
                0x00000056       0x34 ./Core/Src/gpio.o
 .ARM.attributes
                0x0000008a       0x34 ./Core/Src/i2c.o
 .ARM.attributes
                0x000000be       0x34 ./Core/Src/main.o
 .ARM.attributes
                0x000000f2       0x34 ./Core/Src/pid.o
 .ARM.attributes
                0x00000126       0x34 ./Core/Src/stm32f4xx_hal_msp.o
 .ARM.attributes
                0x0000015a       0x34 ./Core/Src/stm32f4xx_it.o
 .ARM.attributes
                0x0000018e       0x34 ./Core/Src/syscalls.o
 .ARM.attributes
                0x000001c2       0x34 ./Core/Src/sysmem.o
 .ARM.attributes
                0x000001f6       0x34 ./Core/Src/system_stm32f4xx.o
 .ARM.attributes
                0x0000022a       0x34 ./Core/Src/tim.o
 .ARM.attributes
                0x0000025e       0x34 ./Core/Src/usart.o
 .ARM.attributes
                0x00000292       0x21 ./Core/Startup/startup_stm32f446retx.o
 .ARM.attributes
                0x000002b3       0x34 ./Drivers/STM32F4xx_HAL_Driver/Src/stm32f4xx_hal.o
 .ARM.attributes
                0x000002e7       0x34 ./Drivers/STM32F4xx_HAL_Driver/Src/stm32f4xx_hal_cortex.o
 .ARM.attributes
                0x0000031b       0x34 ./Drivers/STM32F4xx_HAL_Driver/Src/stm32f4xx_hal_gpio.o
 .ARM.attributes
                0x0000034f       0x34 ./Drivers/STM32F4xx_HAL_Driver/Src/stm32f4xx_hal_i2c.o
 .ARM.attributes
                0x00000383       0x34 ./Drivers/STM32F4xx_HAL_Driver/Src/stm32f4xx_hal_rcc.o
 .ARM.attributes
                0x000003b7       0x34 ./Drivers/STM32F4xx_HAL_Driver/Src/stm32f4xx_hal_rcc_ex.o
 .ARM.attributes
                0x000003eb       0x34 ./Drivers/STM32F4xx_HAL_Driver/Src/stm32f4xx_hal_tim.o
 .ARM.attributes
                0x0000041f       0x34 ./Drivers/STM32F4xx_HAL_Driver/Src/stm32f4xx_hal_tim_ex.o
 .ARM.attributes
                0x00000453       0x34 ./Drivers/STM32F4xx_HAL_Driver/Src/stm32f4xx_hal_uart.o
 .ARM.attributes
                0x00000487       0x34 G:/Program Files (x86)/ST/STMCubeIDE_1.16.1/STM32CubeIDE_1.16.1/STM32CubeIDE/plugins/com.st.stm32cube.ide.mcu.externaltools.gnu-tools-for-stm32.12.3.rel1.win32_1.0.200.202406191623/tools/bin/../lib/gcc/arm-none-eabi/12.3.1/../../../../arm-none-eabi/lib/thumb/v7e-m+fp/hard\libc_nano.a(libc_a-nano-vfprintf_float.o)
 .ARM.attributes
                0x000004bb       0x34 G:/Program Files (x86)/ST/STMCubeIDE_1.16.1/STM32CubeIDE_1.16.1/STM32CubeIDE/plugins/com.st.stm32cube.ide.mcu.externaltools.gnu-tools-for-stm32.12.3.rel1.win32_1.0.200.202406191623/tools/bin/../lib/gcc/arm-none-eabi/12.3.1/../../../../arm-none-eabi/lib/thumb/v7e-m+fp/hard\libc_nano.a(libc_a-nano-vfprintf_i.o)
 .ARM.attributes
                0x000004ef       0x34 G:/Program Files (x86)/ST/STMCubeIDE_1.16.1/STM32CubeIDE_1.16.1/STM32CubeIDE/plugins/com.st.stm32cube.ide.mcu.externaltools.gnu-tools-for-stm32.12.3.rel1.win32_1.0.200.202406191623/tools/bin/../lib/gcc/arm-none-eabi/12.3.1/../../../../arm-none-eabi/lib/thumb/v7e-m+fp/hard\libc_nano.a(libc_a-findfp.o)
 .ARM.attributes
                0x00000523       0x34 G:/Program Files (x86)/ST/STMCubeIDE_1.16.1/STM32CubeIDE_1.16.1/STM32CubeIDE/plugins/com.st.stm32cube.ide.mcu.externaltools.gnu-tools-for-stm32.12.3.rel1.win32_1.0.200.202406191623/tools/bin/../lib/gcc/arm-none-eabi/12.3.1/../../../../arm-none-eabi/lib/thumb/v7e-m+fp/hard\libc_nano.a(libc_a-fwalk.o)
 .ARM.attributes
                0x00000557       0x34 G:/Program Files (x86)/ST/STMCubeIDE_1.16.1/STM32CubeIDE_1.16.1/STM32CubeIDE/plugins/com.st.stm32cube.ide.mcu.externaltools.gnu-tools-for-stm32.12.3.rel1.win32_1.0.200.202406191623/tools/bin/../lib/gcc/arm-none-eabi/12.3.1/../../../../arm-none-eabi/lib/thumb/v7e-m+fp/hard\libc_nano.a(libc_a-sprintf.o)
 .ARM.attributes
                0x0000058b       0x34 G:/Program Files (x86)/ST/STMCubeIDE_1.16.1/STM32CubeIDE_1.16.1/STM32CubeIDE/plugins/com.st.stm32cube.ide.mcu.externaltools.gnu-tools-for-stm32.12.3.rel1.win32_1.0.200.202406191623/tools/bin/../lib/gcc/arm-none-eabi/12.3.1/../../../../arm-none-eabi/lib/thumb/v7e-m+fp/hard\libc_nano.a(libc_a-stdio.o)
 .ARM.attributes