../Core/Src/main.c:66:6:delay	16	static
../Core/Src/main.c:90:6:lcd_send_cmd	32	static
../Core/Src/main.c:107:6:lcd_send_data	32	static
../Core/Src/main.c:124:6:lcd_clear	16	static
../Core/Src/main.c:133:6:lcd_put_cur	16	static
../Core/Src/main.c:149:6:lcd_init	8	static
../Core/Src/main.c:175:6:lcd_send_string	16	static
../Core/Src/main.c:180:6:Display_Temp	40	static
../Core/Src/main.c:190:6:Set_Pin_Output	40	static
../Core/Src/main.c:199:6:Set_Pin_Input	40	static
../Core/Src/main.c:210:9:DS18B20_Start	16	static
../Core/Src/main.c:227:6:DS18B20_Write	24	static
../Core/Src/main.c:256:9:DS18B20_Read	16	static
../Core/Src/main.c:281:5:main	72	static
../Core/Src/main.c:471:6:SystemClock_Config	88	static
../Core/Src/main.c:516:6:HAL_GPIO_EXTI_Callback	16	static
../Core/Src/main.c:534:6:HAL_TIM_PeriodElapsedCallback	16	static
../Core/Src/main.c:560:6:Error_Handler	4	static,ignoring_inline_asm
